14:13:15 **** Build of project UART_bsp ****
make -k all 
"Running Make include in ps7_cortexa9_0/libsrc/coresightps_dcc_v1_4/src"
make -C ps7_cortexa9_0/libsrc/coresightps_dcc_v1_4/src -s include  "SHELL=CMD" "COMPILER=arm-none-eabi-gcc" "ARCHIVER=arm-none-eabi-ar" "COMPILER_FLAGS=  -O2 -c" "EXTRA_COMPILER_FLAGS=-mcpu=cortex-a9 -mfpu=vfpv3 -mfloat-abi=hard -nostartfiles -g -Wall -Wextra"
"Running Make include in ps7_cortexa9_0/libsrc/cpu_cortexa9_v2_7/src"
make -C ps7_cortexa9_0/libsrc/cpu_cortexa9_v2_7/src -s include  "SHELL=CMD" "COMPILER=arm-none-eabi-gcc" "ARCHIVER=arm-none-eabi-ar" "COMPILER_FLAGS=  -O2 -c" "EXTRA_COMPILER_FLAGS=-mcpu=cortex-a9 -mfpu=vfpv3 -mfloat-abi=hard -nostartfiles -g -Wall -Wextra"
"Running Make include in ps7_cortexa9_0/libsrc/ddrps_v1_0/src"
make -C ps7_cortexa9_0/libsrc/ddrps_v1_0/src -s include  "SHELL=CMD" "COMPILER=arm-none-eabi-gcc" "ARCHIVER=arm-none-eabi-ar" "COMPILER_FLAGS=  -O2 -c" "EXTRA_COMPILER_FLAGS=-mcpu=cortex-a9 -mfpu=vfpv3 -mfloat-abi=hard -nostartfiles -g -Wall -Wextra"
"Running Make include in ps7_cortexa9_0/libsrc/devcfg_v3_5/src"
make -C ps7_cortexa9_0/libsrc/devcfg_v3_5/src -s include  "SHELL=CMD" "COMPILER=arm-none-eabi-gcc" "ARCHIVER=arm-none-eabi-ar" "COMPILER_FLAGS=  -O2 -c" "EXTRA_COMPILER_FLAGS=-mcpu=cortex-a9 -mfpu=vfpv3 -mfloat-abi=hard -nostartfiles -g -Wall -Wextra"
"Running Make include in ps7_cortexa9_0/libsrc/dmaps_v2_4/src"
make -C ps7_cortexa9_0/libsrc/dmaps_v2_4/src -s include  "SHELL=CMD" "COMPILER=arm-none-eabi-gcc" "ARCHIVER=arm-none-eabi-ar" "COMPILER_FLAGS=  -O2 -c" "EXTRA_COMPILER_FLAGS=-mcpu=cortex-a9 -mfpu=vfpv3 -mfloat-abi=hard -nostartfiles -g -Wall -Wextra"
"Running Make include in ps7_cortexa9_0/libsrc/emacps_v3_8/src"
make -C ps7_cortexa9_0/libsrc/emacps_v3_8/src -s include  "SHELL=CMD" "COMPILER=arm-none-eabi-gcc" "ARCHIVER=arm-none-eabi-ar" "COMPILER_FLAGS=  -O2 -c" "EXTRA_COMPILER_FLAGS=-mcpu=cortex-a9 -mfpu=vfpv3 -mfloat-abi=hard -nostartfiles -g -Wall -Wextra"
"Running Make include in ps7_cortexa9_0/libsrc/gpio_v4_3/src"
make -C ps7_cortexa9_0/libsrc/gpio_v4_3/src -s include  "SHELL=CMD" "COMPILER=arm-none-eabi-gcc" "ARCHIVER=arm-none-eabi-ar" "COMPILER_FLAGS=  -O2 -c" "EXTRA_COMPILER_FLAGS=-mcpu=cortex-a9 -mfpu=vfpv3 -mfloat-abi=hard -nostartfiles -g -Wall -Wextra"
"Running Make include in ps7_cortexa9_0/libsrc/qspips_v3_5/src"
make -C ps7_cortexa9_0/libsrc/qspips_v3_5/src -s include  "SHELL=CMD" "COMPILER=arm-none-eabi-gcc" "ARCHIVER=arm-none-eabi-ar" "COMPILER_FLAGS=  -O2 -c" "EXTRA_COMPILER_FLAGS=-mcpu=cortex-a9 -mfpu=vfpv3 -mfloat-abi=hard -nostartfiles -g -Wall -Wextra"
"Running Make include in ps7_cortexa9_0/libsrc/scugic_v3_10/src"
make -C ps7_cortexa9_0/libsrc/scugic_v3_10/src -s include  "SHELL=CMD" "COMPILER=arm-none-eabi-gcc" "ARCHIVER=arm-none-eabi-ar" "COMPILER_FLAGS=  -O2 -c" "EXTRA_COMPILER_FLAGS=-mcpu=cortex-a9 -mfpu=vfpv3 -mfloat-abi=hard -nostartfiles -g -Wall -Wextra"
"Running Make include in ps7_cortexa9_0/libsrc/scutimer_v2_1/src"
make -C ps7_cortexa9_0/libsrc/scutimer_v2_1/src -s include  "SHELL=CMD" "COMPILER=arm-none-eabi-gcc" "ARCHIVER=arm-none-eabi-ar" "COMPILER_FLAGS=  -O2 -c" "EXTRA_COMPILER_FLAGS=-mcpu=cortex-a9 -mfpu=vfpv3 -mfloat-abi=hard -nostartfiles -g -Wall -Wextra"
"Running Make include in ps7_cortexa9_0/libsrc/scuwdt_v2_1/src"
make -C ps7_cortexa9_0/libsrc/scuwdt_v2_1/src -s include  "SHELL=CMD" "COMPILER=arm-none-eabi-gcc" "ARCHIVER=arm-none-eabi-ar" "COMPILER_FLAGS=  -O2 -c" "EXTRA_COMPILER_FLAGS=-mcpu=cortex-a9 -mfpu=vfpv3 -mfloat-abi=hard -nostartfiles -g -Wall -Wextra"
"Running Make include in ps7_cortexa9_0/libsrc/sdps_v3_6/src"
make -C ps7_cortexa9_0/libsrc/sdps_v3_6/src -s include  "SHELL=CMD" "COMPILER=arm-none-eabi-gcc" "ARCHIVER=arm-none-eabi-ar" "COMPILER_FLAGS=  -O2 -c" "EXTRA_COMPILER_FLAGS=-mcpu=cortex-a9 -mfpu=vfpv3 -mfloat-abi=hard -nostartfiles -g -Wall -Wextra"
"Running Make include in ps7_cortexa9_0/libsrc/standalone_v6_8/src"
make -C ps7_cortexa9_0/libsrc/standalone_v6_8/src -s include  "SHELL=CMD" "COMPILER=arm-none-eabi-gcc" "ARCHIVER=arm-none-eabi-ar" "COMPILER_FLAGS=  -O2 -c" "EXTRA_COMPILER_FLAGS=-mcpu=cortex-a9 -mfpu=vfpv3 -mfloat-abi=hard -nostartfiles -g -Wall -Wextra"
"Running Make include in ps7_cortexa9_0/libsrc/uartps_v3_7/src"
make -C ps7_cortexa9_0/libsrc/uartps_v3_7/src -s include  "SHELL=CMD" "COMPILER=arm-none-eabi-gcc" "ARCHIVER=arm-none-eabi-ar" "COMPILER_FLAGS=  -O2 -c" "EXTRA_COMPILER_FLAGS=-mcpu=cortex-a9 -mfpu=vfpv3 -mfloat-abi=hard -nostartfiles -g -Wall -Wextra"
"Running Make include in ps7_cortexa9_0/libsrc/usbps_v2_4/src"
make -C ps7_cortexa9_0/libsrc/usbps_v2_4/src -s include  "SHELL=CMD" "COMPILER=arm-none-eabi-gcc" "ARCHIVER=arm-none-eabi-ar" "COMPILER_FLAGS=  -O2 -c" "EXTRA_COMPILER_FLAGS=-mcpu=cortex-a9 -mfpu=vfpv3 -mfloat-abi=hard -nostartfiles -g -Wall -Wextra"
"Running Make include in ps7_cortexa9_0/libsrc/wdtps_v3_1/src"
make -C ps7_cortexa9_0/libsrc/wdtps_v3_1/src -s include  "SHELL=CMD" "COMPILER=arm-none-eabi-gcc" "ARCHIVER=arm-none-eabi-ar" "COMPILER_FLAGS=  -O2 -c" "EXTRA_COMPILER_FLAGS=-mcpu=cortex-a9 -mfpu=vfpv3 -mfloat-abi=hard -nostartfiles -g -Wall -Wextra"
"Running Make include in ps7_cortexa9_0/libsrc/xadcps_v2_3/src"
make -C ps7_cortexa9_0/libsrc/xadcps_v2_3/src -s include  "SHELL=CMD" "COMPILER=arm-none-eabi-gcc" "ARCHIVER=arm-none-eabi-ar" "COMPILER_FLAGS=  -O2 -c" "EXTRA_COMPILER_FLAGS=-mcpu=cortex-a9 -mfpu=vfpv3 -mfloat-abi=hard -nostartfiles -g -Wall -Wextra"
"Running Make libs in ps7_cortexa9_0/libsrc/coresightps_dcc_v1_4/src"
make -C ps7_cortexa9_0/libsrc/coresightps_dcc_v1_4/src -s libs  "SHELL=CMD" "COMPILER=arm-none-eabi-gcc" "ARCHIVER=arm-none-eabi-ar" "COMPILER_FLAGS=  -O2 -c" "EXTRA_COMPILER_FLAGS=-mcpu=cortex-a9 -mfpu=vfpv3 -mfloat-abi=hard -nostartfiles -g -Wall -Wextra"
"Compiling coresightps_dcc"
arm-none-eabi-ar: creating ../../../lib/libxil.a
"Running Make libs in ps7_cortexa9_0/libsrc/cpu_cortexa9_v2_7/src"
make -C ps7_cortexa9_0/libsrc/cpu_cortexa9_v2_7/src -s libs  "SHELL=CMD" "COMPILER=arm-none-eabi-gcc" "ARCHIVER=arm-none-eabi-ar" "COMPILER_FLAGS=  -O2 -c" "EXTRA_COMPILER_FLAGS=-mcpu=cortex-a9 -mfpu=vfpv3 -mfloat-abi=hard -nostartfiles -g -Wall -Wextra"
"Compiling cpu_cortexa9"
"Running Make libs in ps7_cortexa9_0/libsrc/ddrps_v1_0/src"
make -C ps7_cortexa9_0/libsrc/ddrps_v1_0/src -s libs  "SHELL=CMD" "COMPILER=arm-none-eabi-gcc" "ARCHIVER=arm-none-eabi-ar" "COMPILER_FLAGS=  -O2 -c" "EXTRA_COMPILER_FLAGS=-mcpu=cortex-a9 -mfpu=vfpv3 -mfloat-abi=hard -nostartfiles -g -Wall -Wextra"
"Compiling ddrps"
"Running Make libs in ps7_cortexa9_0/libsrc/devcfg_v3_5/src"
make -C ps7_cortexa9_0/libsrc/devcfg_v3_5/src -s libs  "SHELL=CMD" "COMPILER=arm-none-eabi-gcc" "ARCHIVER=arm-none-eabi-ar" "COMPILER_FLAGS=  -O2 -c" "EXTRA_COMPILER_FLAGS=-mcpu=cortex-a9 -mfpu=vfpv3 -mfloat-abi=hard -nostartfiles -g -Wall -Wextra"
"Compiling devcfg"
"Running Make libs in ps7_cortexa9_0/libsrc/dmaps_v2_4/src"
make -C ps7_cortexa9_0/libsrc/dmaps_v2_4/src -s libs  "SHELL=CMD" "COMPILER=arm-none-eabi-gcc" "ARCHIVER=arm-none-eabi-ar" "COMPILER_FLAGS=  -O2 -c" "EXTRA_COMPILER_FLAGS=-mcpu=cortex-a9 -mfpu=vfpv3 -mfloat-abi=hard -nostartfiles -g -Wall -Wextra"
"Compiling dmaps"
"Running Make libs in ps7_cortexa9_0/libsrc/emacps_v3_8/src"
make -C ps7_cortexa9_0/libsrc/emacps_v3_8/src -s libs  "SHELL=CMD" "COMPILER=arm-none-eabi-gcc" "ARCHIVER=arm-none-eabi-ar" "COMPILER_FLAGS=  -O2 -c" "EXTRA_COMPILER_FLAGS=-mcpu=cortex-a9 -mfpu=vfpv3 -mfloat-abi=hard -nostartfiles -g -Wall -Wextra"
"Compiling emacps"
"Running Make libs in ps7_cortexa9_0/libsrc/gpio_v4_3/src"
make -C ps7_cortexa9_0/libsrc/gpio_v4_3/src -s libs  "SHELL=CMD" "COMPILER=arm-none-eabi-gcc" "ARCHIVER=arm-none-eabi-ar" "COMPILER_FLAGS=  -O2 -c" "EXTRA_COMPILER_FLAGS=-mcpu=cortex-a9 -mfpu=vfpv3 -mfloat-abi=hard -nostartfiles -g -Wall -Wextra"
"Compiling gpio"
"Running Make libs in ps7_cortexa9_0/libsrc/qspips_v3_5/src"
make -C ps7_cortexa9_0/libsrc/qspips_v3_5/src -s libs  "SHELL=CMD" "COMPILER=arm-none-eabi-gcc" "ARCHIVER=arm-none-eabi-ar" "COMPILER_FLAGS=  -O2 -c" "EXTRA_COMPILER_FLAGS=-mcpu=cortex-a9 -mfpu=vfpv3 -mfloat-abi=hard -nostartfiles -g -Wall -Wextra"
"Compiling qspips"
"Running Make libs in ps7_cortexa9_0/libsrc/scugic_v3_10/src"
make -C ps7_cortexa9_0/libsrc/scugic_v3_10/src -s libs  "SHELL=CMD" "COMPILER=arm-none-eabi-gcc" "ARCHIVER=arm-none-eabi-ar" "COMPILER_FLAGS=  -O2 -c" "EXTRA_COMPILER_FLAGS=-mcpu=cortex-a9 -mfpu=vfpv3 -mfloat-abi=hard -nostartfiles -g -Wall -Wextra"
"Compiling scugic"
"Running Make libs in ps7_cortexa9_0/libsrc/scutimer_v2_1/src"
make -C ps7_cortexa9_0/libsrc/scutimer_v2_1/src -s libs  "SHELL=CMD" "COMPILER=arm-none-eabi-gcc" "ARCHIVER=arm-none-eabi-ar" "COMPILER_FLAGS=  -O2 -c" "EXTRA_COMPILER_FLAGS=-mcpu=cortex-a9 -mfpu=vfpv3 -mfloat-abi=hard -nostartfiles -g -Wall -Wextra"
"Compiling scutimer"
"Running Make libs in ps7_cortexa9_0/libsrc/scuwdt_v2_1/src"
make -C ps7_cortexa9_0/libsrc/scuwdt_v2_1/src -s libs  "SHELL=CMD" "COMPILER=arm-none-eabi-gcc" "ARCHIVER=arm-none-eabi-ar" "COMPILER_FLAGS=  -O2 -c" "EXTRA_COMPILER_FLAGS=-mcpu=cortex-a9 -mfpu=vfpv3 -mfloat-abi=hard -nostartfiles -g -Wall -Wextra"
"Compiling scuwdt"
"Running Make libs in ps7_cortexa9_0/libsrc/sdps_v3_6/src"
make -C ps7_cortexa9_0/libsrc/sdps_v3_6/src -s libs  "SHELL=CMD" "COMPILER=arm-none-eabi-gcc" "ARCHIVER=arm-none-eabi-ar" "COMPILER_FLAGS=  -O2 -c" "EXTRA_COMPILER_FLAGS=-mcpu=cortex-a9 -mfpu=vfpv3 -mfloat-abi=hard -nostartfiles -g -Wall -Wextra"
"Compiling sdps"
"Running Make libs in ps7_cortexa9_0/libsrc/standalone_v6_8/src"
make -C ps7_cortexa9_0/libsrc/standalone_v6_8/src -s libs  "SHELL=CMD" "COMPILER=arm-none-eabi-gcc" "ARCHIVER=arm-none-eabi-ar" "COMPILER_FLAGS=  -O2 -c" "EXTRA_COMPILER_FLAGS=-mcpu=cortex-a9 -mfpu=vfpv3 -mfloat-abi=hard -nostartfiles -g -Wall -Wextra"
"Compiling standalone"
In file included from usleep.c:56:0:
xtime_l.h:87:9: note: #pragma message: For the sleep routines, Global timer is being used
 #pragma message ("For the sleep routines, Global timer is being used")
         ^~~~~~~
In file included from xil_sleeptimer.c:51:0:
xtime_l.h:87:9: note: #pragma message: For the sleep routines, Global timer is being used
 #pragma message ("For the sleep routines, Global timer is being used")
         ^~~~~~~
In file included from xtime_l.c:49:0:
xtime_l.h:87:9: note: #pragma message: For the sleep routines, Global timer is being used
 #pragma message ("For the sleep routines, Global timer is being used")
         ^~~~~~~
In file included from sleep.c:53:0:
xtime_l.h:87:9: note: #pragma message: For the sleep routines, Global timer is being used
 #pragma message ("For the sleep routines, Global timer is being used")
         ^~~~~~~
"Running Make libs in ps7_cortexa9_0/libsrc/uartps_v3_7/src"
make -C ps7_cortexa9_0/libsrc/uartps_v3_7/src -s libs  "SHELL=CMD" "COMPILER=arm-none-eabi-gcc" "ARCHIVER=arm-none-eabi-ar" "COMPILER_FLAGS=  -O2 -c" "EXTRA_COMPILER_FLAGS=-mcpu=cortex-a9 -mfpu=vfpv3 -mfloat-abi=hard -nostartfiles -g -Wall -Wextra"
"Compiling uartps"
"Running Make libs in ps7_cortexa9_0/libsrc/usbps_v2_4/src"
make -C ps7_cortexa9_0/libsrc/usbps_v2_4/src -s libs  "SHELL=CMD" "COMPILER=arm-none-eabi-gcc" "ARCHIVER=arm-none-eabi-ar" "COMPILER_FLAGS=  -O2 -c" "EXTRA_COMPILER_FLAGS=-mcpu=cortex-a9 -mfpu=vfpv3 -mfloat-abi=hard -nostartfiles -g -Wall -Wextra"
"Compiling usbps"
"Running Make libs in ps7_cortexa9_0/libsrc/wdtps_v3_1/src"
make -C ps7_cortexa9_0/libsrc/wdtps_v3_1/src -s libs  "SHELL=CMD" "COMPILER=arm-none-eabi-gcc" "ARCHIVER=arm-none-eabi-ar" "COMPILER_FLAGS=  -O2 -c" "EXTRA_COMPILER_FLAGS=-mcpu=cortex-a9 -mfpu=vfpv3 -mfloat-abi=hard -nostartfiles -g -Wall -Wextra"
"Compiling wdtps"
"Running Make libs in ps7_cortexa9_0/libsrc/xadcps_v2_3/src"
make -C ps7_cortexa9_0/libsrc/xadcps_v2_3/src -s libs  "SHELL=CMD" "COMPILER=arm-none-eabi-gcc" "ARCHIVER=arm-none-eabi-ar" "COMPILER_FLAGS=  -O2 -c" "EXTRA_COMPILER_FLAGS=-mcpu=cortex-a9 -mfpu=vfpv3 -mfloat-abi=hard -nostartfiles -g -Wall -Wextra"
"Compiling xadcps"
'Finished building libraries'
14:13:38 **** Build of configuration Debug for project UART ****
make pre-build main-build 
a9-linaro-pre-build-step
' '
'Building file: ../src/helloworld.c'
'Invoking: ARM v7 gcc compiler'
arm-none-eabi-gcc -Wall -O0 -g3 -c -fmessage-length=0 -MT"src/helloworld.o" -mcpu=cortex-a9 -mfpu=vfpv3 -mfloat-abi=hard -I../../UART_bsp/ps7_cortexa9_0/include -MMD -MP -MF"src/helloworld.d" -MT"src/helloworld.o" -o "src/helloworld.o" "../src/helloworld.c"
'Finished building: ../src/helloworld.c'
' '
'Building file: ../src/platform.c'
'Invoking: ARM v7 gcc compiler'
arm-none-eabi-gcc -Wall -O0 -g3 -c -fmessage-length=0 -MT"src/platform.o" -mcpu=cortex-a9 -mfpu=vfpv3 -mfloat-abi=hard -I../../UART_bsp/ps7_cortexa9_0/include -MMD -MP -MF"src/platform.d" -MT"src/platform.o" -o "src/platform.o" "../src/platform.c"
'Finished building: ../src/platform.c'
' '
'Building target: UART.elf'
'Invoking: ARM v7 gcc linker'
arm-none-eabi-gcc -mcpu=cortex-a9 -mfpu=vfpv3 -mfloat-abi=hard -Wl,-build-id=none -specs=Xilinx.spec -Wl,-T -Wl,../src/lscript.ld -L../../UART_bsp/ps7_cortexa9_0/lib -o "UART.elf"  ./src/helloworld.o ./src/platform.o   -Wl,--start-group,-lxil,-lgcc,-lc,--end-group
'Finished building target: UART.elf'
' '
'Invoking: ARM v7 Print Size'
arm-none-eabi-size UART.elf  |tee "UART.elf.size"
   text	   data	    bss	    dec	    hex	filename
  19352	   1144	  22568	  43064	   a838	UART.elf
'Finished building: UART.elf.size'
' '
14:13:45 **** Auto Build of configuration Debug for project UART ****
make pre-build main-build 
a9-linaro-pre-build-step
' '
'Building file: ../src/helloworld.c'
'Invoking: ARM v7 gcc compiler'
arm-none-eabi-gcc -Wall -O0 -g3 -c -fmessage-length=0 -MT"src/helloworld.o" -mcpu=cortex-a9 -mfpu=vfpv3 -mfloat-abi=hard -I../../UART_bsp/ps7_cortexa9_0/include -MMD -MP -MF"src/helloworld.d" -MT"src/helloworld.o" -o "src/helloworld.o" "../src/helloworld.c"
../src/helloworld.c:86:12: warning: 'Person_Y' defined but not used [-Wunused-variable]
 static int Person_Y;              //Y軸人物座標
            ^~~~~~~~
../src/helloworld.c:85:12: warning: 'Person_X' defined but not used [-Wunused-variable]
 static int Person_X;              //X軸的人物座標
            ^~~~~~~~
../src/helloworld.c:83:11: warning: 'TransmitBuffer' defined but not used [-Wunused-variable]
 static u8 TransmitBuffer[map_height * map_weight + 1] = {0};    //儲存轉換後[map的一維陣列]+[判斷遊戲是否結束]，共有:73bits
           ^~~~~~~~~~~~~~
../src/helloworld.c:80:12: warning: 'Remaining_Destinations_led' defined but not used [-Wunused-variable]
 static int Remaining_Destinations_led;          //顯示剩餘目的地數量的led
            ^~~~~~~~~~~~~~~~~~~~~~~~~~
../src/helloworld.c:79:12: warning: 'map' defined but not used [-Wunused-variable]
 static int map[map_height][map_weight]= {0};        //存放地圖陣列資料的資料
            ^~~
../src/helloworld.c:78:12: warning: 'Sokoban_Game_State' defined but not used [-Wunused-variable]
 static int Sokoban_Game_State = 0;           //未結束:0   結束:1
            ^~~~~~~~~~~~~~~~~~
../src/helloworld.c: In function 'Uart_SendData':
../src/helloworld.c:238:25: warning: 'TransmitBuffer' may be used uninitialized in this function [-Wmaybe-uninitialized]
           TransmitBuffer[i * map_weight + j] = original_map[i][j] + asicii_zero;  //數值方便偵錯時，用的ASICII轉換
                         ^
'Finished building: ../src/helloworld.c'
' '
'Building target: UART.elf'
'Invoking: ARM v7 gcc linker'
arm-none-eabi-gcc -mcpu=cortex-a9 -mfpu=vfpv3 -mfloat-abi=hard -Wl,-build-id=none -specs=Xilinx.spec -Wl,-T -Wl,../src/lscript.ld -L../../UART_bsp/ps7_cortexa9_0/lib -o "UART.elf"  ./src/helloworld.o ./src/platform.o   -Wl,--start-group,-lxil,-lgcc,-lc,--end-group
'Finished building target: UART.elf'
' '
'Invoking: ARM v7 Print Size'
arm-none-eabi-size UART.elf  |tee "UART.elf.size"
   text	   data	    bss	    dec	    hex	filename
  43680	   3072	  22872	  69624	  10ff8	UART.elf
'Finished building: UART.elf.size'
' '
14:15:58 **** Incremental Build of configuration Debug for project UART ****
make pre-build main-build 
a9-linaro-pre-build-step
' '
'Building file: ../src/helloworld.c'
'Invoking: ARM v7 gcc compiler'
arm-none-eabi-gcc -Wall -O0 -g3 -c -fmessage-length=0 -MT"src/helloworld.o" -mcpu=cortex-a9 -mfpu=vfpv3 -mfloat-abi=hard -I../../UART_bsp/ps7_cortexa9_0/include -MMD -MP -MF"src/helloworld.d" -MT"src/helloworld.o" -o "src/helloworld.o" "../src/helloworld.c"
../src/helloworld.c:86:12: warning: 'Person_Y' defined but not used [-Wunused-variable]
 static int Person_Y;              //Y軸人物座標
            ^~~~~~~~
../src/helloworld.c:85:12: warning: 'Person_X' defined but not used [-Wunused-variable]
 static int Person_X;              //X軸的人物座標
            ^~~~~~~~
../src/helloworld.c:83:11: warning: 'TransmitBuffer' defined but not used [-Wunused-variable]
 static u8 TransmitBuffer[map_height * map_weight + 1] = {0};    //儲存轉換後[map的一維陣列]+[判斷遊戲是否結束]，共有:73bits
           ^~~~~~~~~~~~~~
../src/helloworld.c:80:12: warning: 'Remaining_Destinations_led' defined but not used [-Wunused-variable]
 static int Remaining_Destinations_led;          //顯示剩餘目的地數量的led
            ^~~~~~~~~~~~~~~~~~~~~~~~~~
../src/helloworld.c:79:12: warning: 'map' defined but not used [-Wunused-variable]
 static int map[map_height][map_weight]= {0};        //存放地圖陣列資料的資料
            ^~~
../src/helloworld.c:78:12: warning: 'Sokoban_Game_State' defined but not used [-Wunused-variable]
 static int Sokoban_Game_State = 0;           //未結束:0   結束:1
            ^~~~~~~~~~~~~~~~~~
../src/helloworld.c: In function 'Uart_SendData':
../src/helloworld.c:239:25: warning: 'TransmitBuffer' may be used uninitialized in this function [-Wmaybe-uninitialized]
           TransmitBuffer[i * map_weight + j] = original_map[i][j] + asicii_zero;  //數值方便偵錯時，用的ASICII轉換
                         ^
'Finished building: ../src/helloworld.c'
' '
'Building target: UART.elf'
'Invoking: ARM v7 gcc linker'
arm-none-eabi-gcc -mcpu=cortex-a9 -mfpu=vfpv3 -mfloat-abi=hard -Wl,-build-id=none -specs=Xilinx.spec -Wl,-T -Wl,../src/lscript.ld -L../../UART_bsp/ps7_cortexa9_0/lib -o "UART.elf"  ./src/helloworld.o ./src/platform.o   -Wl,--start-group,-lxil,-lgcc,-lc,--end-group
'Finished building target: UART.elf'
' '
'Invoking: ARM v7 Print Size'
arm-none-eabi-size UART.elf  |tee "UART.elf.size"
   text	   data	    bss	    dec	    hex	filename
  43680	   3072	  22872	  69624	  10ff8	UART.elf
'Finished building: UART.elf.size'
' '
14:18:48 **** Incremental Build of configuration Debug for project UART ****
make pre-build main-build 
a9-linaro-pre-build-step
' '
make: Nothing to be done for 'main-build'.
14:19:45 **** Incremental Build of configuration Debug for project UART ****
make pre-build main-build 
a9-linaro-pre-build-step
' '
'Building file: ../src/helloworld.c'
'Invoking: ARM v7 gcc compiler'
arm-none-eabi-gcc -Wall -O0 -g3 -c -fmessage-length=0 -MT"src/helloworld.o" -mcpu=cortex-a9 -mfpu=vfpv3 -mfloat-abi=hard -I../../UART_bsp/ps7_cortexa9_0/include -MMD -MP -MF"src/helloworld.d" -MT"src/helloworld.o" -o "src/helloworld.o" "../src/helloworld.c"
../src/helloworld.c:86:12: warning: 'Person_Y' defined but not used [-Wunused-variable]
 static int Person_Y;              //Y軸人物座標
            ^~~~~~~~
../src/helloworld.c:85:12: warning: 'Person_X' defined but not used [-Wunused-variable]
 static int Person_X;              //X軸的人物座標
            ^~~~~~~~
../src/helloworld.c:83:11: warning: 'TransmitBuffer' defined but not used [-Wunused-variable]
 static u8 TransmitBuffer[map_height * map_weight + 1] = {0};    //儲存轉換後[map的一維陣列]+[判斷遊戲是否結束]，共有:73bits
           ^~~~~~~~~~~~~~
../src/helloworld.c:80:12: warning: 'Remaining_Destinations_led' defined but not used [-Wunused-variable]
 static int Remaining_Destinations_led;          //顯示剩餘目的地數量的led
            ^~~~~~~~~~~~~~~~~~~~~~~~~~
../src/helloworld.c:79:12: warning: 'map' defined but not used [-Wunused-variable]
 static int map[map_height][map_weight]= {0};        //存放地圖陣列資料的資料
            ^~~
../src/helloworld.c:78:12: warning: 'Sokoban_Game_State' defined but not used [-Wunused-variable]
 static int Sokoban_Game_State = 0;           //未結束:0   結束:1
            ^~~~~~~~~~~~~~~~~~
../src/helloworld.c: In function 'Uart_SendData':
../src/helloworld.c:239:25: warning: 'TransmitBuffer' may be used uninitialized in this function [-Wmaybe-uninitialized]
           TransmitBuffer[i * map_weight + j] = original_map[i][j] + asicii_zero;  //數值方便偵錯時，用的ASICII轉換
                         ^
'Finished building: ../src/helloworld.c'
' '
'Building target: UART.elf'
'Invoking: ARM v7 gcc linker'
arm-none-eabi-gcc -mcpu=cortex-a9 -mfpu=vfpv3 -mfloat-abi=hard -Wl,-build-id=none -specs=Xilinx.spec -Wl,-T -Wl,../src/lscript.ld -L../../UART_bsp/ps7_cortexa9_0/lib -o "UART.elf"  ./src/helloworld.o ./src/platform.o   -Wl,--start-group,-lxil,-lgcc,-lc,--end-group
'Finished building target: UART.elf'
' '
'Invoking: ARM v7 Print Size'
arm-none-eabi-size UART.elf  |tee "UART.elf.size"
   text	   data	    bss	    dec	    hex	filename
  43680	   3072	  22872	  69624	  10ff8	UART.elf
'Finished building: UART.elf.size'
' '
14:19:55 **** Incremental Build of configuration Debug for project UART ****
make pre-build main-build 
a9-linaro-pre-build-step
' '
make: Nothing to be done for 'main-build'.
14:38:34 **** Incremental Build of configuration Debug for project UART ****
make pre-build main-build 
a9-linaro-pre-build-step
' '
'Building file: ../src/helloworld.c'
'Invoking: ARM v7 gcc compiler'
arm-none-eabi-gcc -Wall -O0 -g3 -c -fmessage-length=0 -MT"src/helloworld.o" -mcpu=cortex-a9 -mfpu=vfpv3 -mfloat-abi=hard -I../../UART_bsp/ps7_cortexa9_0/include -MMD -MP -MF"src/helloworld.d" -MT"src/helloworld.o" -o "src/helloworld.o" "../src/helloworld.c"
../src/helloworld.c:86:12: warning: 'Person_Y' defined but not used [-Wunused-variable]
 static int Person_Y;              //Y軸人物座標
            ^~~~~~~~
../src/helloworld.c:85:12: warning: 'Person_X' defined but not used [-Wunused-variable]
 static int Person_X;              //X軸的人物座標
            ^~~~~~~~
../src/helloworld.c:83:11: warning: 'TransmitBuffer' defined but not used [-Wunused-variable]
 static u8 TransmitBuffer[map_height * map_weight + 1] = {0};    //儲存轉換後[map的一維陣列]+[判斷遊戲是否結束]，共有:73bits
           ^~~~~~~~~~~~~~
../src/helloworld.c:79:12: warning: 'map' defined but not used [-Wunused-variable]
 static int map[map_height][map_weight]= {0};        //存放地圖陣列資料的資料
            ^~~
../src/helloworld.c: In function 'Uart_SendData':
../src/helloworld.c:239:25: warning: 'TransmitBuffer' may be used uninitialized in this function [-Wmaybe-uninitialized]
           TransmitBuffer[i * map_weight + j] = original_map[i][j] + asicii_zero;  //數值方便偵錯時，用的ASICII轉換
                         ^
'Finished building: ../src/helloworld.c'
' '
'Building target: UART.elf'
'Invoking: ARM v7 gcc linker'
arm-none-eabi-gcc -mcpu=cortex-a9 -mfpu=vfpv3 -mfloat-abi=hard -Wl,-build-id=none -specs=Xilinx.spec -Wl,-T -Wl,../src/lscript.ld -L../../UART_bsp/ps7_cortexa9_0/lib -o "UART.elf"  ./src/helloworld.o ./src/platform.o   -Wl,--start-group,-lxil,-lgcc,-lc,--end-group
'Finished building target: UART.elf'
' '
'Invoking: ARM v7 Print Size'
arm-none-eabi-size UART.elf  |tee "UART.elf.size"
   text	   data	    bss	    dec	    hex	filename
  43680	   3072	  22872	  69624	  10ff8	UART.elf
'Finished building: UART.elf.size'
' '
14:38:46 **** Incremental Build of configuration Debug for project UART ****
make pre-build main-build 
a9-linaro-pre-build-step
' '
make: Nothing to be done for 'main-build'.
14:39:45 **** Incremental Build of configuration Debug for project UART ****
make pre-build main-build 
a9-linaro-pre-build-step
' '
make: Nothing to be done for 'main-build'.
14:52:26 **** Incremental Build of configuration Debug for project UART ****
make pre-build main-build 
a9-linaro-pre-build-step
' '
'Building file: ../src/helloworld.c'
'Invoking: ARM v7 gcc compiler'
arm-none-eabi-gcc -Wall -O0 -g3 -c -fmessage-length=0 -MT"src/helloworld.o" -mcpu=cortex-a9 -mfpu=vfpv3 -mfloat-abi=hard -I../../UART_bsp/ps7_cortexa9_0/include -MMD -MP -MF"src/helloworld.d" -MT"src/helloworld.o" -o "src/helloworld.o" "../src/helloworld.c"
../src/helloworld.c: In function 'Uart_SendData':
../src/helloworld.c:238:14: error: 'byteArray' undeclared (first use in this function)
              byteArray[i * map_weight + j] = Map_data[i][j];
              ^~~~~~~~~
../src/helloworld.c:238:14: note: each undeclared identifier is reported only once for each function it appears in
../src/helloworld.c:238:46: error: 'Map_data' undeclared (first use in this function); did you mean 'led_data'?
              byteArray[i * map_weight + j] = Map_data[i][j];
                                              ^~~~~~~~
                                              led_data
../src/helloworld.c:234:5: warning: unused variable 'asicii_zero' [-Wunused-variable]
  u8 asicii_zero  = '0';             //數值方便偵錯時，用的ASICII轉換
     ^~~~~~~~~~~
At top level:
../src/helloworld.c:86:12: warning: 'Person_Y' defined but not used [-Wunused-variable]
 static int Person_Y;              //Y軸人物座標
            ^~~~~~~~
../src/helloworld.c:85:12: warning: 'Person_X' defined but not used [-Wunused-variable]
 static int Person_X;              //X軸的人物座標
            ^~~~~~~~
../src/helloworld.c:83:11: warning: 'TransmitBuffer' defined but not used [-Wunused-variable]
 static u8 TransmitBuffer[map_height * map_weight + 1] = {0};    //儲存轉換後[map的一維陣列]+[判斷遊戲是否結束]，共有:73bits
           ^~~~~~~~~~~~~~
../src/helloworld.c:79:12: warning: 'map' defined but not used [-Wunused-variable]
 static int map[map_height][map_weight]= {0};        //存放地圖陣列資料的資料
            ^~~
make: *** [src/subdir.mk:26: src/helloworld.o] Error 1
14:52:57 **** Incremental Build of configuration Debug for project UART ****
make pre-build main-build 
a9-linaro-pre-build-step
' '
'Building file: ../src/helloworld.c'
'Invoking: ARM v7 gcc compiler'
arm-none-eabi-gcc -Wall -O0 -g3 -c -fmessage-length=0 -MT"src/helloworld.o" -mcpu=cortex-a9 -mfpu=vfpv3 -mfloat-abi=hard -I../../UART_bsp/ps7_cortexa9_0/include -MMD -MP -MF"src/helloworld.d" -MT"src/helloworld.o" -o "src/helloworld.o" "../src/helloworld.c"
../src/helloworld.c: In function 'Uart_SendData':
../src/helloworld.c:238:48: error: 'Map_data' undeclared (first use in this function); did you mean 'led_data'?
           TransmitBuffer[i * map_weight + j] = Map_data[i][j];
                                                ^~~~~~~~
                                                led_data
../src/helloworld.c:238:48: note: each undeclared identifier is reported only once for each function it appears in
../src/helloworld.c:234:5: warning: unused variable 'asicii_zero' [-Wunused-variable]
  u8 asicii_zero  = '0';             //數值方便偵錯時，用的ASICII轉換
     ^~~~~~~~~~~
At top level:
../src/helloworld.c:86:12: warning: 'Person_Y' defined but not used [-Wunused-variable]
 static int Person_Y;              //Y軸人物座標
            ^~~~~~~~
../src/helloworld.c:85:12: warning: 'Person_X' defined but not used [-Wunused-variable]
 static int Person_X;              //X軸的人物座標
            ^~~~~~~~
../src/helloworld.c:83:11: warning: 'TransmitBuffer' defined but not used [-Wunused-variable]
 static u8 TransmitBuffer[map_height * map_weight + 1] = {0};    //儲存轉換後[map的一維陣列]+[判斷遊戲是否結束]，共有:73bits
           ^~~~~~~~~~~~~~
../src/helloworld.c:79:12: warning: 'map' defined but not used [-Wunused-variable]
 static int map[map_height][map_weight]= {0};        //存放地圖陣列資料的資料
            ^~~
make: *** [src/subdir.mk:26: src/helloworld.o] Error 1
14:53:30 **** Incremental Build of configuration Debug for project UART ****
make pre-build main-build 
a9-linaro-pre-build-step
' '
'Building file: ../src/helloworld.c'
'Invoking: ARM v7 gcc compiler'
arm-none-eabi-gcc -Wall -O0 -g3 -c -fmessage-length=0 -MT"src/helloworld.o" -mcpu=cortex-a9 -mfpu=vfpv3 -mfloat-abi=hard -I../../UART_bsp/ps7_cortexa9_0/include -MMD -MP -MF"src/helloworld.d" -MT"src/helloworld.o" -o "src/helloworld.o" "../src/helloworld.c"
../src/helloworld.c: In function 'Uart_SendData':
../src/helloworld.c:234:5: warning: unused variable 'asicii_zero' [-Wunused-variable]
  u8 asicii_zero  = '0';             //數值方便偵錯時，用的ASICII轉換
     ^~~~~~~~~~~
At top level:
../src/helloworld.c:86:12: warning: 'Person_Y' defined but not used [-Wunused-variable]
 static int Person_Y;              //Y軸人物座標
            ^~~~~~~~
../src/helloworld.c:85:12: warning: 'Person_X' defined but not used [-Wunused-variable]
 static int Person_X;              //X軸的人物座標
            ^~~~~~~~
../src/helloworld.c:83:11: warning: 'TransmitBuffer' defined but not used [-Wunused-variable]
 static u8 TransmitBuffer[map_height * map_weight + 1] = {0};    //儲存轉換後[map的一維陣列]+[判斷遊戲是否結束]，共有:73bits
           ^~~~~~~~~~~~~~
../src/helloworld.c:79:12: warning: 'map' defined but not used [-Wunused-variable]
 static int map[map_height][map_weight]= {0};        //存放地圖陣列資料的資料
            ^~~
../src/helloworld.c: In function 'Uart_SendData':
../src/helloworld.c:238:25: warning: 'TransmitBuffer' may be used uninitialized in this function [-Wmaybe-uninitialized]
           TransmitBuffer[i * map_weight + j] = original_map[i][j];
                         ^
'Finished building: ../src/helloworld.c'
' '
'Building target: UART.elf'
'Invoking: ARM v7 gcc linker'
arm-none-eabi-gcc -mcpu=cortex-a9 -mfpu=vfpv3 -mfloat-abi=hard -Wl,-build-id=none -specs=Xilinx.spec -Wl,-T -Wl,../src/lscript.ld -L../../UART_bsp/ps7_cortexa9_0/lib -o "UART.elf"  ./src/helloworld.o ./src/platform.o   -Wl,--start-group,-lxil,-lgcc,-lc,--end-group
'Finished building target: UART.elf'
' '
'Invoking: ARM v7 Print Size'
arm-none-eabi-size UART.elf  |tee "UART.elf.size"
   text	   data	    bss	    dec	    hex	filename
  43680	   3072	  22872	  69624	  10ff8	UART.elf
'Finished building: UART.elf.size'
' '
14:53:39 **** Incremental Build of configuration Debug for project UART ****
make pre-build main-build 
a9-linaro-pre-build-step
' '
make: Nothing to be done for 'main-build'.
14:54:14 **** Incremental Build of configuration Debug for project UART ****
make pre-build main-build 
a9-linaro-pre-build-step
' '
make: Nothing to be done for 'main-build'.
14:57:55 **** Incremental Build of configuration Debug for project UART ****
make pre-build main-build 
a9-linaro-pre-build-step
' '
'Building file: ../src/helloworld.c'
'Invoking: ARM v7 gcc compiler'
arm-none-eabi-gcc -Wall -O0 -g3 -c -fmessage-length=0 -MT"src/helloworld.o" -mcpu=cortex-a9 -mfpu=vfpv3 -mfloat-abi=hard -I../../UART_bsp/ps7_cortexa9_0/include -MMD -MP -MF"src/helloworld.d" -MT"src/helloworld.o" -o "src/helloworld.o" "../src/helloworld.c"
../src/helloworld.c: In function 'Uart_SendData':
../src/helloworld.c:230:2: warning: implicit declaration of function 'MapToArray' [-Wimplicit-function-declaration]
  MapToArray(TransmitBuffer, original_map);
  ^~~~~~~~~~
../src/helloworld.c: At top level:
../src/helloworld.c:425:6: warning: conflicting types for 'MapToArray'
 void MapToArray(u8 *byteArray, int Map_data[map_height][map_weight]){
      ^~~~~~~~~~
../src/helloworld.c:230:2: note: previous implicit declaration of 'MapToArray' was here
  MapToArray(TransmitBuffer, original_map);
  ^~~~~~~~~~
../src/helloworld.c:86:12: warning: 'Person_Y' defined but not used [-Wunused-variable]
 static int Person_Y;              //Y軸人物座標
            ^~~~~~~~
../src/helloworld.c:85:12: warning: 'Person_X' defined but not used [-Wunused-variable]
 static int Person_X;              //X軸的人物座標
            ^~~~~~~~
../src/helloworld.c:79:12: warning: 'map' defined but not used [-Wunused-variable]
 static int map[map_height][map_weight]= {0};        //存放地圖陣列資料的資料
            ^~~
'Finished building: ../src/helloworld.c'
' '
'Building target: UART.elf'
'Invoking: ARM v7 gcc linker'
arm-none-eabi-gcc -mcpu=cortex-a9 -mfpu=vfpv3 -mfloat-abi=hard -Wl,-build-id=none -specs=Xilinx.spec -Wl,-T -Wl,../src/lscript.ld -L../../UART_bsp/ps7_cortexa9_0/lib -o "UART.elf"  ./src/helloworld.o ./src/platform.o   -Wl,--start-group,-lxil,-lgcc,-lc,--end-group
'Finished building target: UART.elf'
' '
'Invoking: ARM v7 Print Size'
arm-none-eabi-size UART.elf  |tee "UART.elf.size"
   text	   data	    bss	    dec	    hex	filename
  43744	   3072	  22872	  69688	  11038	UART.elf
'Finished building: UART.elf.size'
' '
15:00:05 **** Incremental Build of configuration Debug for project UART ****
make pre-build main-build 
a9-linaro-pre-build-step
' '
make: Nothing to be done for 'main-build'.
15:00:06 **** Incremental Build of configuration Debug for project UART ****
make pre-build main-build 
a9-linaro-pre-build-step
' '
make: Nothing to be done for 'main-build'.
15:01:18 **** Incremental Build of configuration Debug for project UART ****
make pre-build main-build 
a9-linaro-pre-build-step
' '
make: Nothing to be done for 'main-build'.
15:33:45 **** Auto Build of configuration Debug for project UART ****
make pre-build main-build 
a9-linaro-pre-build-step
' '
make: Nothing to be done for 'main-build'.
15:36:17 **** Incremental Build of configuration Debug for project UART ****
make pre-build main-build 
a9-linaro-pre-build-step
' '
make: Nothing to be done for 'main-build'.
16:03:17 **** Incremental Build of configuration Debug for project UART ****
make pre-build main-build 
a9-linaro-pre-build-step
' '
make: Nothing to be done for 'main-build'.
16:16:25 **** Incremental Build of configuration Debug for project UART ****
make pre-build main-build 
a9-linaro-pre-build-step
' '
make: Nothing to be done for 'main-build'.
16:39:02 **** Incremental Build of configuration Debug for project UART ****
make pre-build main-build 
a9-linaro-pre-build-step
' '
make: Nothing to be done for 'main-build'.
16:51:16 **** Incremental Build of configuration Debug for project UART ****
make pre-build main-build 
a9-linaro-pre-build-step
' '
'Building file: ../src/helloworld.c'
'Invoking: ARM v7 gcc compiler'
arm-none-eabi-gcc -Wall -O0 -g3 -c -fmessage-length=0 -MT"src/helloworld.o" -mcpu=cortex-a9 -mfpu=vfpv3 -mfloat-abi=hard -I../../UART_bsp/ps7_cortexa9_0/include -MMD -MP -MF"src/helloworld.d" -MT"src/helloworld.o" -o "src/helloworld.o" "../src/helloworld.c"
../src/helloworld.c: In function 'Uart_SendData':
../src/helloworld.c:229:2: warning: implicit declaration of function 'MapToArray' [-Wimplicit-function-declaration]
  MapToArray(TransmitBuffer, original_map);
  ^~~~~~~~~~
../src/helloworld.c: At top level:
../src/helloworld.c:424:6: warning: conflicting types for 'MapToArray'
 void MapToArray(u8 *byteArray, int Map_data[map_height][map_weight]){
      ^~~~~~~~~~
../src/helloworld.c:229:2: note: previous implicit declaration of 'MapToArray' was here
  MapToArray(TransmitBuffer, original_map);
  ^~~~~~~~~~
../src/helloworld.c:86:12: warning: 'Person_Y' defined but not used [-Wunused-variable]
 static int Person_Y;              //Y軸人物座標
            ^~~~~~~~
../src/helloworld.c:85:12: warning: 'Person_X' defined but not used [-Wunused-variable]
 static int Person_X;              //X軸的人物座標
            ^~~~~~~~
../src/helloworld.c:79:12: warning: 'map' defined but not used [-Wunused-variable]
 static int map[map_height][map_weight]= {0};        //存放地圖陣列資料的資料
            ^~~
'Finished building: ../src/helloworld.c'
' '
'Building target: UART.elf'
'Invoking: ARM v7 gcc linker'
arm-none-eabi-gcc -mcpu=cortex-a9 -mfpu=vfpv3 -mfloat-abi=hard -Wl,-build-id=none -specs=Xilinx.spec -Wl,-T -Wl,../src/lscript.ld -L../../UART_bsp/ps7_cortexa9_0/lib -o "UART.elf"  ./src/helloworld.o ./src/platform.o   -Wl,--start-group,-lxil,-lgcc,-lc,--end-group
'Finished building target: UART.elf'
' '
'Invoking: ARM v7 Print Size'
arm-none-eabi-size UART.elf  |tee "UART.elf.size"
   text	   data	    bss	    dec	    hex	filename
  43744	   3072	  22872	  69688	  11038	UART.elf
'Finished building: UART.elf.size'
' '
16:51:54 **** Incremental Build of configuration Debug for project UART ****
make pre-build main-build 
a9-linaro-pre-build-step
' '
'Building file: ../src/helloworld.c'
'Invoking: ARM v7 gcc compiler'
arm-none-eabi-gcc -Wall -O0 -g3 -c -fmessage-length=0 -MT"src/helloworld.o" -mcpu=cortex-a9 -mfpu=vfpv3 -mfloat-abi=hard -I../../UART_bsp/ps7_cortexa9_0/include -MMD -MP -MF"src/helloworld.d" -MT"src/helloworld.o" -o "src/helloworld.o" "../src/helloworld.c"
../src/helloworld.c: In function 'Uart_SendData':
../src/helloworld.c:229:2: warning: implicit declaration of function 'MapToArray' [-Wimplicit-function-declaration]
  MapToArray(TransmitBuffer, original_map);
  ^~~~~~~~~~
../src/helloworld.c: At top level:
../src/helloworld.c:424:6: warning: conflicting types for 'MapToArray'
 void MapToArray(u8 *byteArray, int Map_data[map_height][map_weight]){
      ^~~~~~~~~~
../src/helloworld.c:229:2: note: previous implicit declaration of 'MapToArray' was here
  MapToArray(TransmitBuffer, original_map);
  ^~~~~~~~~~
../src/helloworld.c:86:12: warning: 'Person_Y' defined but not used [-Wunused-variable]
 static int Person_Y;              //Y軸人物座標
            ^~~~~~~~
../src/helloworld.c:85:12: warning: 'Person_X' defined but not used [-Wunused-variable]
 static int Person_X;              //X軸的人物座標
            ^~~~~~~~
../src/helloworld.c:79:12: warning: 'map' defined but not used [-Wunused-variable]
 static int map[map_height][map_weight]= {0};        //存放地圖陣列資料的資料
            ^~~
'Finished building: ../src/helloworld.c'
' '
'Building target: UART.elf'
'Invoking: ARM v7 gcc linker'
arm-none-eabi-gcc -mcpu=cortex-a9 -mfpu=vfpv3 -mfloat-abi=hard -Wl,-build-id=none -specs=Xilinx.spec -Wl,-T -Wl,../src/lscript.ld -L../../UART_bsp/ps7_cortexa9_0/lib -o "UART.elf"  ./src/helloworld.o ./src/platform.o   -Wl,--start-group,-lxil,-lgcc,-lc,--end-group
'Finished building target: UART.elf'
' '
'Invoking: ARM v7 Print Size'
arm-none-eabi-size UART.elf  |tee "UART.elf.size"
   text	   data	    bss	    dec	    hex	filename
  43680	   3072	  22872	  69624	  10ff8	UART.elf
'Finished building: UART.elf.size'
' '
16:56:08 **** Incremental Build of configuration Debug for project UART ****
make pre-build main-build 
a9-linaro-pre-build-step
' '
make: Nothing to be done for 'main-build'.
17:00:47 **** Incremental Build of configuration Debug for project UART ****
make pre-build main-build 
a9-linaro-pre-build-step
' '
'Building file: ../src/helloworld.c'
'Invoking: ARM v7 gcc compiler'
arm-none-eabi-gcc -Wall -O0 -g3 -c -fmessage-length=0 -MT"src/helloworld.o" -mcpu=cortex-a9 -mfpu=vfpv3 -mfloat-abi=hard -I../../UART_bsp/ps7_cortexa9_0/include -MMD -MP -MF"src/helloworld.d" -MT"src/helloworld.o" -o "src/helloworld.o" "../src/helloworld.c"
../src/helloworld.c: In function 'Uart_SendData':
../src/helloworld.c:229:2: warning: implicit declaration of function 'MapToArray' [-Wimplicit-function-declaration]
  MapToArray(TransmitBuffer, original_map);
  ^~~~~~~~~~
../src/helloworld.c: At top level:
../src/helloworld.c:424:6: warning: conflicting types for 'MapToArray'
 void MapToArray(u8 *byteArray, int Map_data[map_height][map_weight]){
      ^~~~~~~~~~
../src/helloworld.c:229:2: note: previous implicit declaration of 'MapToArray' was here
  MapToArray(TransmitBuffer, original_map);
  ^~~~~~~~~~
../src/helloworld.c:86:12: warning: 'Person_Y' defined but not used [-Wunused-variable]
 static int Person_Y;              //Y軸人物座標
            ^~~~~~~~
../src/helloworld.c:85:12: warning: 'Person_X' defined but not used [-Wunused-variable]
 static int Person_X;              //X軸的人物座標
            ^~~~~~~~
../src/helloworld.c:79:12: warning: 'map' defined but not used [-Wunused-variable]
 static int map[map_height][map_weight]= {0};        //存放地圖陣列資料的資料
            ^~~
'Finished building: ../src/helloworld.c'
' '
'Building target: UART.elf'
'Invoking: ARM v7 gcc linker'
arm-none-eabi-gcc -mcpu=cortex-a9 -mfpu=vfpv3 -mfloat-abi=hard -Wl,-build-id=none -specs=Xilinx.spec -Wl,-T -Wl,../src/lscript.ld -L../../UART_bsp/ps7_cortexa9_0/lib -o "UART.elf"  ./src/helloworld.o ./src/platform.o   -Wl,--start-group,-lxil,-lgcc,-lc,--end-group
'Finished building target: UART.elf'
' '
'Invoking: ARM v7 Print Size'
arm-none-eabi-size UART.elf  |tee "UART.elf.size"
   text	   data	    bss	    dec	    hex	filename
  43680	   3072	  22872	  69624	  10ff8	UART.elf
'Finished building: UART.elf.size'
' '
17:07:09 **** Incremental Build of configuration Debug for project UART ****
make pre-build main-build 
a9-linaro-pre-build-step
' '
'Building file: ../src/helloworld.c'
'Invoking: ARM v7 gcc compiler'
arm-none-eabi-gcc -Wall -O0 -g3 -c -fmessage-length=0 -MT"src/helloworld.o" -mcpu=cortex-a9 -mfpu=vfpv3 -mfloat-abi=hard -I../../UART_bsp/ps7_cortexa9_0/include -MMD -MP -MF"src/helloworld.d" -MT"src/helloworld.o" -o "src/helloworld.o" "../src/helloworld.c"
../src/helloworld.c: In function 'Uart_SendData':
../src/helloworld.c:229:2: warning: implicit declaration of function 'MapToArray' [-Wimplicit-function-declaration]
  MapToArray(TransmitBuffer, original_map);
  ^~~~~~~~~~
../src/helloworld.c: At top level:
../src/helloworld.c:424:6: warning: conflicting types for 'MapToArray'
 void MapToArray(u8 *byteArray, int Map_data[map_height][map_weight]){
      ^~~~~~~~~~
../src/helloworld.c:229:2: note: previous implicit declaration of 'MapToArray' was here
  MapToArray(TransmitBuffer, original_map);
  ^~~~~~~~~~
../src/helloworld.c: In function 'MapToArray':
../src/helloworld.c:427:5: warning: unused variable 'asicii_zero' [-Wunused-variable]
  u8 asicii_zero  = '0';             //數值方便偵錯時，用的ASICII轉換
     ^~~~~~~~~~~
At top level:
../src/helloworld.c:86:12: warning: 'Person_Y' defined but not used [-Wunused-variable]
 static int Person_Y;              //Y軸人物座標
            ^~~~~~~~
../src/helloworld.c:85:12: warning: 'Person_X' defined but not used [-Wunused-variable]
 static int Person_X;              //X軸的人物座標
            ^~~~~~~~
../src/helloworld.c:79:12: warning: 'map' defined but not used [-Wunused-variable]
 static int map[map_height][map_weight]= {0};        //存放地圖陣列資料的資料
            ^~~
'Finished building: ../src/helloworld.c'
' '
'Building target: UART.elf'
'Invoking: ARM v7 gcc linker'
arm-none-eabi-gcc -mcpu=cortex-a9 -mfpu=vfpv3 -mfloat-abi=hard -Wl,-build-id=none -specs=Xilinx.spec -Wl,-T -Wl,../src/lscript.ld -L../../UART_bsp/ps7_cortexa9_0/lib -o "UART.elf"  ./src/helloworld.o ./src/platform.o   -Wl,--start-group,-lxil,-lgcc,-lc,--end-group
'Finished building target: UART.elf'
' '
'Invoking: ARM v7 Print Size'
arm-none-eabi-size UART.elf  |tee "UART.elf.size"
   text	   data	    bss	    dec	    hex	filename
  43680	   3072	  22872	  69624	  10ff8	UART.elf
'Finished building: UART.elf.size'
' '
17:24:31 **** Incremental Build of configuration Debug for project UART ****
make pre-build main-build 
a9-linaro-pre-build-step
' '
make: Nothing to be done for 'main-build'.
17:26:33 **** Incremental Build of configuration Debug for project UART ****
make pre-build main-build 
a9-linaro-pre-build-step
' '
'Building file: ../src/helloworld.c'
'Invoking: ARM v7 gcc compiler'
arm-none-eabi-gcc -Wall -O0 -g3 -c -fmessage-length=0 -MT"src/helloworld.o" -mcpu=cortex-a9 -mfpu=vfpv3 -mfloat-abi=hard -I../../UART_bsp/ps7_cortexa9_0/include -MMD -MP -MF"src/helloworld.d" -MT"src/helloworld.o" -o "src/helloworld.o" "../src/helloworld.c"
../src/helloworld.c: In function 'Uart_SendData':
../src/helloworld.c:229:2: warning: implicit declaration of function 'MapToArray' [-Wimplicit-function-declaration]
  MapToArray(TransmitBuffer, original_map);
  ^~~~~~~~~~
../src/helloworld.c: At top level:
../src/helloworld.c:424:6: warning: conflicting types for 'MapToArray'
 void MapToArray(u8 *byteArray, int Map_data[map_height][map_weight]){
      ^~~~~~~~~~
../src/helloworld.c:229:2: note: previous implicit declaration of 'MapToArray' was here
  MapToArray(TransmitBuffer, original_map);
  ^~~~~~~~~~
../src/helloworld.c:86:12: warning: 'Person_Y' defined but not used [-Wunused-variable]
 static int Person_Y;              //Y軸人物座標
            ^~~~~~~~
../src/helloworld.c:85:12: warning: 'Person_X' defined but not used [-Wunused-variable]
 static int Person_X;              //X軸的人物座標
            ^~~~~~~~
../src/helloworld.c:79:12: warning: 'map' defined but not used [-Wunused-variable]
 static int map[map_height][map_weight]= {0};        //存放地圖陣列資料的資料
            ^~~
'Finished building: ../src/helloworld.c'
' '
'Building target: UART.elf'
'Invoking: ARM v7 gcc linker'
arm-none-eabi-gcc -mcpu=cortex-a9 -mfpu=vfpv3 -mfloat-abi=hard -Wl,-build-id=none -specs=Xilinx.spec -Wl,-T -Wl,../src/lscript.ld -L../../UART_bsp/ps7_cortexa9_0/lib -o "UART.elf"  ./src/helloworld.o ./src/platform.o   -Wl,--start-group,-lxil,-lgcc,-lc,--end-group
'Finished building target: UART.elf'
' '
'Invoking: ARM v7 Print Size'
arm-none-eabi-size UART.elf  |tee "UART.elf.size"
   text	   data	    bss	    dec	    hex	filename
  43680	   3072	  22872	  69624	  10ff8	UART.elf
'Finished building: UART.elf.size'
' '
17:27:05 **** Incremental Build of configuration Debug for project UART ****
make pre-build main-build 
a9-linaro-pre-build-step
' '
make: Nothing to be done for 'main-build'.
17:28:28 **** Incremental Build of configuration Debug for project UART ****
make pre-build main-build 
a9-linaro-pre-build-step
' '
'Building file: ../src/helloworld.c'
'Invoking: ARM v7 gcc compiler'
arm-none-eabi-gcc -Wall -O0 -g3 -c -fmessage-length=0 -MT"src/helloworld.o" -mcpu=cortex-a9 -mfpu=vfpv3 -mfloat-abi=hard -I../../UART_bsp/ps7_cortexa9_0/include -MMD -MP -MF"src/helloworld.d" -MT"src/helloworld.o" -o "src/helloworld.o" "../src/helloworld.c"
../src/helloworld.c: In function 'Uart_SendData':
../src/helloworld.c:229:2: warning: implicit declaration of function 'MapToArray' [-Wimplicit-function-declaration]
  MapToArray(TransmitBuffer, original_map);
  ^~~~~~~~~~
../src/helloworld.c: At top level:
../src/helloworld.c:424:6: warning: conflicting types for 'MapToArray'
 void MapToArray(u8 *byteArray, int Map_data[map_height][map_weight]){
      ^~~~~~~~~~
../src/helloworld.c:229:2: note: previous implicit declaration of 'MapToArray' was here
  MapToArray(TransmitBuffer, original_map);
  ^~~~~~~~~~
../src/helloworld.c: In function 'MapToArray':
../src/helloworld.c:427:5: warning: unused variable 'asicii_zero' [-Wunused-variable]
  u8 asicii_zero  = '0';             //數值方便偵錯時，用的ASICII轉換
     ^~~~~~~~~~~
At top level:
../src/helloworld.c:86:12: warning: 'Person_Y' defined but not used [-Wunused-variable]
 static int Person_Y;              //Y軸人物座標
            ^~~~~~~~
../src/helloworld.c:85:12: warning: 'Person_X' defined but not used [-Wunused-variable]
 static int Person_X;              //X軸的人物座標
            ^~~~~~~~
../src/helloworld.c:79:12: warning: 'map' defined but not used [-Wunused-variable]
 static int map[map_height][map_weight]= {0};        //存放地圖陣列資料的資料
            ^~~
'Finished building: ../src/helloworld.c'
' '
'Building target: UART.elf'
'Invoking: ARM v7 gcc linker'
arm-none-eabi-gcc -mcpu=cortex-a9 -mfpu=vfpv3 -mfloat-abi=hard -Wl,-build-id=none -specs=Xilinx.spec -Wl,-T -Wl,../src/lscript.ld -L../../UART_bsp/ps7_cortexa9_0/lib -o "UART.elf"  ./src/helloworld.o ./src/platform.o   -Wl,--start-group,-lxil,-lgcc,-lc,--end-group
'Finished building target: UART.elf'
' '
'Invoking: ARM v7 Print Size'
arm-none-eabi-size UART.elf  |tee "UART.elf.size"
   text	   data	    bss	    dec	    hex	filename
  43680	   3072	  22872	  69624	  10ff8	UART.elf
'Finished building: UART.elf.size'
' '
21:14:16 **** Incremental Build of configuration Debug for project UART ****
make pre-build main-build 
a9-linaro-pre-build-step
' '
'Building file: ../src/helloworld.c'
'Invoking: ARM v7 gcc compiler'
arm-none-eabi-gcc -Wall -O0 -g3 -c -fmessage-length=0 -MT"src/helloworld.o" -mcpu=cortex-a9 -mfpu=vfpv3 -mfloat-abi=hard -I../../UART_bsp/ps7_cortexa9_0/include -MMD -MP -MF"src/helloworld.d" -MT"src/helloworld.o" -o "src/helloworld.o" "../src/helloworld.c"
../src/helloworld.c: In function 'Uart_SendData':
../src/helloworld.c:229:2: warning: implicit declaration of function 'MapToArray' [-Wimplicit-function-declaration]
  MapToArray(TransmitBuffer, original_map);
  ^~~~~~~~~~
../src/helloworld.c: At top level:
../src/helloworld.c:241:6: warning: conflicting types for 'MapToArray'
 void MapToArray(u8 *byteArray, int Map_data[map_height][map_weight]){
      ^~~~~~~~~~
../src/helloworld.c:229:2: note: previous implicit declaration of 'MapToArray' was here
  MapToArray(TransmitBuffer, original_map);
  ^~~~~~~~~~
../src/helloworld.c: In function 'MapToArray':
../src/helloworld.c:244:5: warning: unused variable 'asicii_zero' [-Wunused-variable]
  u8 asicii_zero  = '0';             //數值方便偵錯時，用的ASICII轉換
     ^~~~~~~~~~~
At top level:
../src/helloworld.c:86:12: warning: 'Person_Y' defined but not used [-Wunused-variable]
 static int Person_Y;              //Y軸人物座標
            ^~~~~~~~
../src/helloworld.c:85:12: warning: 'Person_X' defined but not used [-Wunused-variable]
 static int Person_X;              //X軸的人物座標
            ^~~~~~~~
../src/helloworld.c:79:12: warning: 'map' defined but not used [-Wunused-variable]
 static int map[map_height][map_weight]= {0};        //存放地圖陣列資料的資料
            ^~~
'Finished building: ../src/helloworld.c'
' '
'Building target: UART.elf'
'Invoking: ARM v7 gcc linker'
arm-none-eabi-gcc -mcpu=cortex-a9 -mfpu=vfpv3 -mfloat-abi=hard -Wl,-build-id=none -specs=Xilinx.spec -Wl,-T -Wl,../src/lscript.ld -L../../UART_bsp/ps7_cortexa9_0/lib -o "UART.elf"  ./src/helloworld.o ./src/platform.o   -Wl,--start-group,-lxil,-lgcc,-lc,--end-group
'Finished building target: UART.elf'
' '
'Invoking: ARM v7 Print Size'
arm-none-eabi-size UART.elf  |tee "UART.elf.size"
   text	   data	    bss	    dec	    hex	filename
  43680	   3072	  22872	  69624	  10ff8	UART.elf
'Finished building: UART.elf.size'
' '
21:27:45 **** Incremental Build of configuration Debug for project UART ****
make pre-build main-build 
a9-linaro-pre-build-step
' '
'Building file: ../src/helloworld.c'
'Invoking: ARM v7 gcc compiler'
arm-none-eabi-gcc -Wall -O0 -g3 -c -fmessage-length=0 -MT"src/helloworld.o" -mcpu=cortex-a9 -mfpu=vfpv3 -mfloat-abi=hard -I../../UART_bsp/ps7_cortexa9_0/include -MMD -MP -MF"src/helloworld.d" -MT"src/helloworld.o" -o "src/helloworld.o" "../src/helloworld.c"
../src/helloworld.c: In function 'Uart_SendData':
../src/helloworld.c:236:2: warning: implicit declaration of function 'MapToArray' [-Wimplicit-function-declaration]
  MapToArray(TransmitBuffer, map);
  ^~~~~~~~~~
../src/helloworld.c: At top level:
../src/helloworld.c:248:6: warning: conflicting types for 'MapToArray'
 void MapToArray(u8 *byteArray, int Map_data[map_height][map_weight]){
      ^~~~~~~~~~
../src/helloworld.c:236:2: note: previous implicit declaration of 'MapToArray' was here
  MapToArray(TransmitBuffer, map);
  ^~~~~~~~~~
../src/helloworld.c: In function 'MapToArray':
../src/helloworld.c:251:5: warning: unused variable 'asicii_zero' [-Wunused-variable]
  u8 asicii_zero  = '0';             //數值方便偵錯時，用的ASICII轉換
     ^~~~~~~~~~~
../src/helloworld.c: In function 'gameInit':
../src/helloworld.c:437:10: warning: implicit declaration of function 'rand' [-Wimplicit-function-declaration]
   map[i][rand() % 4] = 1;
          ^~~~
At top level:
../src/helloworld.c:430:6: warning: 'gameInit' defined but not used [-Wunused-function]
 void gameInit(void)
      ^~~~~~~~
../src/helloworld.c:86:12: warning: 'Person_Y' defined but not used [-Wunused-variable]
 static int Person_Y;              //Y軸人物座標
            ^~~~~~~~
../src/helloworld.c:85:12: warning: 'Person_X' defined but not used [-Wunused-variable]
 static int Person_X;              //X軸的人物座標
            ^~~~~~~~
'Finished building: ../src/helloworld.c'
' '
'Building target: UART.elf'
'Invoking: ARM v7 gcc linker'
arm-none-eabi-gcc -mcpu=cortex-a9 -mfpu=vfpv3 -mfloat-abi=hard -Wl,-build-id=none -specs=Xilinx.spec -Wl,-T -Wl,../src/lscript.ld -L../../UART_bsp/ps7_cortexa9_0/lib -o "UART.elf"  ./src/helloworld.o ./src/platform.o   -Wl,--start-group,-lxil,-lgcc,-lc,--end-group
'Finished building target: UART.elf'
' '
'Invoking: ARM v7 Print Size'
arm-none-eabi-size UART.elf  |tee "UART.elf.size"
   text	   data	    bss	    dec	    hex	filename
  44000	   3008	  22888	  69896	  11108	UART.elf
'Finished building: UART.elf.size'
' '
21:29:58 **** Incremental Build of configuration Debug for project UART ****
make pre-build main-build 
a9-linaro-pre-build-step
' '
'Building file: ../src/helloworld.c'
'Invoking: ARM v7 gcc compiler'
arm-none-eabi-gcc -Wall -O0 -g3 -c -fmessage-length=0 -MT"src/helloworld.o" -mcpu=cortex-a9 -mfpu=vfpv3 -mfloat-abi=hard -I../../UART_bsp/ps7_cortexa9_0/include -MMD -MP -MF"src/helloworld.d" -MT"src/helloworld.o" -o "src/helloworld.o" "../src/helloworld.c"
../src/helloworld.c: In function 'Uart_SendData':
../src/helloworld.c:236:2: warning: implicit declaration of function 'MapToArray' [-Wimplicit-function-declaration]
  MapToArray(TransmitBuffer, map);
  ^~~~~~~~~~
../src/helloworld.c: At top level:
../src/helloworld.c:248:6: warning: conflicting types for 'MapToArray'
 void MapToArray(u8 *byteArray, int Map_data[map_height][map_weight]){
      ^~~~~~~~~~
../src/helloworld.c:236:2: note: previous implicit declaration of 'MapToArray' was here
  MapToArray(TransmitBuffer, map);
  ^~~~~~~~~~
../src/helloworld.c: In function 'MapToArray':
../src/helloworld.c:251:5: warning: unused variable 'asicii_zero' [-Wunused-variable]
  u8 asicii_zero  = '0';             //數值方便偵錯時，用的ASICII轉換
     ^~~~~~~~~~~
../src/helloworld.c: In function 'gameInit':
../src/helloworld.c:437:7: warning: implicit declaration of function 'rand' [-Wimplicit-function-declaration]
   j = rand() % 4;
       ^~~~
At top level:
../src/helloworld.c:430:6: warning: 'gameInit' defined but not used [-Wunused-function]
 void gameInit(void)
      ^~~~~~~~
../src/helloworld.c:86:12: warning: 'Person_Y' defined but not used [-Wunused-variable]
 static int Person_Y;              //Y軸人物座標
            ^~~~~~~~
../src/helloworld.c:85:12: warning: 'Person_X' defined but not used [-Wunused-variable]
 static int Person_X;              //X軸的人物座標
            ^~~~~~~~
'Finished building: ../src/helloworld.c'
' '
'Building target: UART.elf'
'Invoking: ARM v7 gcc linker'
arm-none-eabi-gcc -mcpu=cortex-a9 -mfpu=vfpv3 -mfloat-abi=hard -Wl,-build-id=none -specs=Xilinx.spec -Wl,-T -Wl,../src/lscript.ld -L../../UART_bsp/ps7_cortexa9_0/lib -o "UART.elf"  ./src/helloworld.o ./src/platform.o   -Wl,--start-group,-lxil,-lgcc,-lc,--end-group
'Finished building target: UART.elf'
' '
'Invoking: ARM v7 Print Size'
arm-none-eabi-size UART.elf  |tee "UART.elf.size"
   text	   data	    bss	    dec	    hex	filename
  44000	   3008	  22888	  69896	  11108	UART.elf
'Finished building: UART.elf.size'
' '
21:32:01 **** Incremental Build of configuration Debug for project UART ****
make pre-build main-build 
a9-linaro-pre-build-step
' '
'Building file: ../src/helloworld.c'
'Invoking: ARM v7 gcc compiler'
arm-none-eabi-gcc -Wall -O0 -g3 -c -fmessage-length=0 -MT"src/helloworld.o" -mcpu=cortex-a9 -mfpu=vfpv3 -mfloat-abi=hard -I../../UART_bsp/ps7_cortexa9_0/include -MMD -MP -MF"src/helloworld.d" -MT"src/helloworld.o" -o "src/helloworld.o" "../src/helloworld.c"
../src/helloworld.c: In function 'Uart_SendData':
../src/helloworld.c:237:2: warning: implicit declaration of function 'MapToArray' [-Wimplicit-function-declaration]
  MapToArray(TransmitBuffer, map);
  ^~~~~~~~~~
../src/helloworld.c: At top level:
../src/helloworld.c:249:6: warning: conflicting types for 'MapToArray'
 void MapToArray(u8 *byteArray, int Map_data[map_height][map_weight]){
      ^~~~~~~~~~
../src/helloworld.c:237:2: note: previous implicit declaration of 'MapToArray' was here
  MapToArray(TransmitBuffer, map);
  ^~~~~~~~~~
../src/helloworld.c: In function 'MapToArray':
../src/helloworld.c:252:5: warning: unused variable 'asicii_zero' [-Wunused-variable]
  u8 asicii_zero  = '0';             //數值方便偵錯時，用的ASICII轉換
     ^~~~~~~~~~~
At top level:
../src/helloworld.c:431:6: warning: 'gameInit' defined but not used [-Wunused-function]
 void gameInit(void)
      ^~~~~~~~
../src/helloworld.c:87:12: warning: 'Person_Y' defined but not used [-Wunused-variable]
 static int Person_Y;              //Y軸人物座標
            ^~~~~~~~
../src/helloworld.c:86:12: warning: 'Person_X' defined but not used [-Wunused-variable]
 static int Person_X;              //X軸的人物座標
            ^~~~~~~~
'Finished building: ../src/helloworld.c'
' '
'Building target: UART.elf'
'Invoking: ARM v7 gcc linker'
arm-none-eabi-gcc -mcpu=cortex-a9 -mfpu=vfpv3 -mfloat-abi=hard -Wl,-build-id=none -specs=Xilinx.spec -Wl,-T -Wl,../src/lscript.ld -L../../UART_bsp/ps7_cortexa9_0/lib -o "UART.elf"  ./src/helloworld.o ./src/platform.o   -Wl,--start-group,-lxil,-lgcc,-lc,--end-group
'Finished building target: UART.elf'
' '
'Invoking: ARM v7 Print Size'
arm-none-eabi-size UART.elf  |tee "UART.elf.size"
   text	   data	    bss	    dec	    hex	filename
  44000	   3008	  22888	  69896	  11108	UART.elf
'Finished building: UART.elf.size'
' '
21:33:19 **** Incremental Build of configuration Debug for project UART ****
make pre-build main-build 
a9-linaro-pre-build-step
' '
'Building file: ../src/helloworld.c'
'Invoking: ARM v7 gcc compiler'
arm-none-eabi-gcc -Wall -O0 -g3 -c -fmessage-length=0 -MT"src/helloworld.o" -mcpu=cortex-a9 -mfpu=vfpv3 -mfloat-abi=hard -I../../UART_bsp/ps7_cortexa9_0/include -MMD -MP -MF"src/helloworld.d" -MT"src/helloworld.o" -o "src/helloworld.o" "../src/helloworld.c"
../src/helloworld.c: In function 'Uart_SendData':
../src/helloworld.c:237:2: warning: implicit declaration of function 'MapToArray' [-Wimplicit-function-declaration]
  MapToArray(TransmitBuffer, map);
  ^~~~~~~~~~
../src/helloworld.c: At top level:
../src/helloworld.c:249:6: warning: conflicting types for 'MapToArray'
 void MapToArray(u8 *byteArray, int Map_data[map_height][map_weight]){
      ^~~~~~~~~~
../src/helloworld.c:237:2: note: previous implicit declaration of 'MapToArray' was here
  MapToArray(TransmitBuffer, map);
  ^~~~~~~~~~
../src/helloworld.c: In function 'MapToArray':
../src/helloworld.c:252:5: warning: unused variable 'asicii_zero' [-Wunused-variable]
  u8 asicii_zero  = '0';             //數值方便偵錯時，用的ASICII轉換
     ^~~~~~~~~~~
../src/helloworld.c: In function 'gameInit':
../src/helloworld.c:433:8: warning: variable 'j' set but not used [-Wunused-but-set-variable]
  u16 i,j;
        ^
At top level:
../src/helloworld.c:431:6: warning: 'gameInit' defined but not used [-Wunused-function]
 void gameInit(void)
      ^~~~~~~~
../src/helloworld.c:87:12: warning: 'Person_Y' defined but not used [-Wunused-variable]
 static int Person_Y;              //Y軸人物座標
            ^~~~~~~~
../src/helloworld.c:86:12: warning: 'Person_X' defined but not used [-Wunused-variable]
 static int Person_X;              //X軸的人物座標
            ^~~~~~~~
'Finished building: ../src/helloworld.c'
' '
'Building target: UART.elf'
'Invoking: ARM v7 gcc linker'
arm-none-eabi-gcc -mcpu=cortex-a9 -mfpu=vfpv3 -mfloat-abi=hard -Wl,-build-id=none -specs=Xilinx.spec -Wl,-T -Wl,../src/lscript.ld -L../../UART_bsp/ps7_cortexa9_0/lib -o "UART.elf"  ./src/helloworld.o ./src/platform.o   -Wl,--start-group,-lxil,-lgcc,-lc,--end-group
'Finished building target: UART.elf'
' '
'Invoking: ARM v7 Print Size'
arm-none-eabi-size UART.elf  |tee "UART.elf.size"
   text	   data	    bss	    dec	    hex	filename
  44000	   3008	  22888	  69896	  11108	UART.elf
'Finished building: UART.elf.size'
' '
21:34:43 **** Incremental Build of configuration Debug for project UART ****
make pre-build main-build 
a9-linaro-pre-build-step
' '
'Building file: ../src/helloworld.c'
'Invoking: ARM v7 gcc compiler'
arm-none-eabi-gcc -Wall -O0 -g3 -c -fmessage-length=0 -MT"src/helloworld.o" -mcpu=cortex-a9 -mfpu=vfpv3 -mfloat-abi=hard -I../../UART_bsp/ps7_cortexa9_0/include -MMD -MP -MF"src/helloworld.d" -MT"src/helloworld.o" -o "src/helloworld.o" "../src/helloworld.c"
../src/helloworld.c: In function 'Uart_SendData':
../src/helloworld.c:238:2: warning: implicit declaration of function 'MapToArray' [-Wimplicit-function-declaration]
  MapToArray(TransmitBuffer, map);
  ^~~~~~~~~~
../src/helloworld.c: At top level:
../src/helloworld.c:250:6: warning: conflicting types for 'MapToArray'
 void MapToArray(u8 *byteArray, int Map_data[map_height][map_weight]){
      ^~~~~~~~~~
../src/helloworld.c:238:2: note: previous implicit declaration of 'MapToArray' was here
  MapToArray(TransmitBuffer, map);
  ^~~~~~~~~~
../src/helloworld.c: In function 'MapToArray':
../src/helloworld.c:253:5: warning: unused variable 'asicii_zero' [-Wunused-variable]
  u8 asicii_zero  = '0';             //數值方便偵錯時，用的ASICII轉換
     ^~~~~~~~~~~
At top level:
../src/helloworld.c:87:12: warning: 'Person_Y' defined but not used [-Wunused-variable]
 static int Person_Y;              //Y軸人物座標
            ^~~~~~~~
../src/helloworld.c:86:12: warning: 'Person_X' defined but not used [-Wunused-variable]
 static int Person_X;              //X軸的人物座標
            ^~~~~~~~
'Finished building: ../src/helloworld.c'
' '
'Building target: UART.elf'
'Invoking: ARM v7 gcc linker'
arm-none-eabi-gcc -mcpu=cortex-a9 -mfpu=vfpv3 -mfloat-abi=hard -Wl,-build-id=none -specs=Xilinx.spec -Wl,-T -Wl,../src/lscript.ld -L../../UART_bsp/ps7_cortexa9_0/lib -o "UART.elf"  ./src/helloworld.o ./src/platform.o   -Wl,--start-group,-lxil,-lgcc,-lc,--end-group
'Finished building target: UART.elf'
' '
'Invoking: ARM v7 Print Size'
arm-none-eabi-size UART.elf  |tee "UART.elf.size"
   text	   data	    bss	    dec	    hex	filename
  44000	   3008	  22888	  69896	  11108	UART.elf
'Finished building: UART.elf.size'
' '
21:37:36 **** Incremental Build of configuration Debug for project UART ****
make pre-build main-build 
a9-linaro-pre-build-step
' '
'Building file: ../src/helloworld.c'
'Invoking: ARM v7 gcc compiler'
arm-none-eabi-gcc -Wall -O0 -g3 -c -fmessage-length=0 -MT"src/helloworld.o" -mcpu=cortex-a9 -mfpu=vfpv3 -mfloat-abi=hard -I../../UART_bsp/ps7_cortexa9_0/include -MMD -MP -MF"src/helloworld.d" -MT"src/helloworld.o" -o "src/helloworld.o" "../src/helloworld.c"
../src/helloworld.c: In function 'Uart_SendData':
../src/helloworld.c:238:2: warning: implicit declaration of function 'MapToArray' [-Wimplicit-function-declaration]
  MapToArray(TransmitBuffer, map);
  ^~~~~~~~~~
../src/helloworld.c: At top level:
../src/helloworld.c:250:6: warning: conflicting types for 'MapToArray'
 void MapToArray(u8 *byteArray, int Map_data[map_height][map_weight]){
      ^~~~~~~~~~
../src/helloworld.c:238:2: note: previous implicit declaration of 'MapToArray' was here
  MapToArray(TransmitBuffer, map);
  ^~~~~~~~~~
../src/helloworld.c: In function 'MapToArray':
../src/helloworld.c:253:5: warning: unused variable 'asicii_zero' [-Wunused-variable]
  u8 asicii_zero  = '0';             //數值方便偵錯時，用的ASICII轉換
     ^~~~~~~~~~~
../src/helloworld.c: In function 'gameInit':
../src/helloworld.c:434:8: warning: variable 'j' set but not used [-Wunused-but-set-variable]
  u16 i,j;
        ^
At top level:
../src/helloworld.c:87:12: warning: 'Person_Y' defined but not used [-Wunused-variable]
 static int Person_Y;              //Y軸人物座標
            ^~~~~~~~
../src/helloworld.c:86:12: warning: 'Person_X' defined but not used [-Wunused-variable]
 static int Person_X;              //X軸的人物座標
            ^~~~~~~~
'Finished building: ../src/helloworld.c'
' '
'Building target: UART.elf'
'Invoking: ARM v7 gcc linker'
arm-none-eabi-gcc -mcpu=cortex-a9 -mfpu=vfpv3 -mfloat-abi=hard -Wl,-build-id=none -specs=Xilinx.spec -Wl,-T -Wl,../src/lscript.ld -L../../UART_bsp/ps7_cortexa9_0/lib -o "UART.elf"  ./src/helloworld.o ./src/platform.o   -Wl,--start-group,-lxil,-lgcc,-lc,--end-group
'Finished building target: UART.elf'
' '
'Invoking: ARM v7 Print Size'
arm-none-eabi-size UART.elf  |tee "UART.elf.size"
   text	   data	    bss	    dec	    hex	filename
  44000	   3008	  22888	  69896	  11108	UART.elf
'Finished building: UART.elf.size'
' '
21:48:28 **** Incremental Build of configuration Debug for project UART ****
make pre-build main-build 
a9-linaro-pre-build-step
' '
'Building file: ../src/helloworld.c'
'Invoking: ARM v7 gcc compiler'
arm-none-eabi-gcc -Wall -O0 -g3 -c -fmessage-length=0 -MT"src/helloworld.o" -mcpu=cortex-a9 -mfpu=vfpv3 -mfloat-abi=hard -I../../UART_bsp/ps7_cortexa9_0/include -MMD -MP -MF"src/helloworld.d" -MT"src/helloworld.o" -o "src/helloworld.o" "../src/helloworld.c"
../src/helloworld.c: In function 'Uart_SendData':
../src/helloworld.c:250:2: warning: implicit declaration of function 'MapToArray' [-Wimplicit-function-declaration]
  MapToArray(TransmitBuffer, map);
  ^~~~~~~~~~
../src/helloworld.c: At top level:
../src/helloworld.c:262:6: warning: conflicting types for 'MapToArray'
 void MapToArray(u8 *byteArray, int Map_data[map_height][map_weight]){
      ^~~~~~~~~~
../src/helloworld.c:250:2: note: previous implicit declaration of 'MapToArray' was here
  MapToArray(TransmitBuffer, map);
  ^~~~~~~~~~
../src/helloworld.c: In function 'MapToArray':
../src/helloworld.c:265:5: warning: unused variable 'asicii_zero' [-Wunused-variable]
  u8 asicii_zero  = '0';             //數值方便偵錯時，用的ASICII轉換
     ^~~~~~~~~~~
At top level:
../src/helloworld.c:88:12: warning: 'Person_Y' defined but not used [-Wunused-variable]
 static int Person_Y;              //Y軸人物座標
            ^~~~~~~~
../src/helloworld.c:87:12: warning: 'Person_X' defined but not used [-Wunused-variable]
 static int Person_X;              //X軸的人物座標
            ^~~~~~~~
'Finished building: ../src/helloworld.c'
' '
'Building target: UART.elf'
'Invoking: ARM v7 gcc linker'
arm-none-eabi-gcc -mcpu=cortex-a9 -mfpu=vfpv3 -mfloat-abi=hard -Wl,-build-id=none -specs=Xilinx.spec -Wl,-T -Wl,../src/lscript.ld -L../../UART_bsp/ps7_cortexa9_0/lib -o "UART.elf"  ./src/helloworld.o ./src/platform.o   -Wl,--start-group,-lxil,-lgcc,-lc,--end-group
'Finished building target: UART.elf'
' '
'Invoking: ARM v7 Print Size'
arm-none-eabi-size UART.elf  |tee "UART.elf.size"
   text	   data	    bss	    dec	    hex	filename
  44320	   3008	  22904	  70232	  11258	UART.elf
'Finished building: UART.elf.size'
' '
21:56:20 **** Incremental Build of configuration Debug for project UART ****
make pre-build main-build 
a9-linaro-pre-build-step
' '
'Building file: ../src/helloworld.c'
'Invoking: ARM v7 gcc compiler'
arm-none-eabi-gcc -Wall -O0 -g3 -c -fmessage-length=0 -MT"src/helloworld.o" -mcpu=cortex-a9 -mfpu=vfpv3 -mfloat-abi=hard -I../../UART_bsp/ps7_cortexa9_0/include -MMD -MP -MF"src/helloworld.d" -MT"src/helloworld.o" -o "src/helloworld.o" "../src/helloworld.c"
../src/helloworld.c: In function 'Uart_SendData':
../src/helloworld.c:251:2: warning: implicit declaration of function 'MapToArray' [-Wimplicit-function-declaration]
  MapToArray(TransmitBuffer, map);
  ^~~~~~~~~~
../src/helloworld.c: At top level:
../src/helloworld.c:263:6: warning: conflicting types for 'MapToArray'
 void MapToArray(u8 *byteArray, int Map_data[map_height][map_weight]){
      ^~~~~~~~~~
../src/helloworld.c:251:2: note: previous implicit declaration of 'MapToArray' was here
  MapToArray(TransmitBuffer, map);
  ^~~~~~~~~~
../src/helloworld.c: In function 'MapToArray':
../src/helloworld.c:266:5: warning: unused variable 'asicii_zero' [-Wunused-variable]
  u8 asicii_zero  = '0';             //數值方便偵錯時，用的ASICII轉換
     ^~~~~~~~~~~
At top level:
../src/helloworld.c:88:12: warning: 'Person_Y' defined but not used [-Wunused-variable]
 static int Person_Y;              //Y軸人物座標
            ^~~~~~~~
../src/helloworld.c:87:12: warning: 'Person_X' defined but not used [-Wunused-variable]
 static int Person_X;              //X軸的人物座標
            ^~~~~~~~
'Finished building: ../src/helloworld.c'
' '
'Building target: UART.elf'
'Invoking: ARM v7 gcc linker'
arm-none-eabi-gcc -mcpu=cortex-a9 -mfpu=vfpv3 -mfloat-abi=hard -Wl,-build-id=none -specs=Xilinx.spec -Wl,-T -Wl,../src/lscript.ld -L../../UART_bsp/ps7_cortexa9_0/lib -o "UART.elf"  ./src/helloworld.o ./src/platform.o   -Wl,--start-group,-lxil,-lgcc,-lc,--end-group
'Finished building target: UART.elf'
' '
'Invoking: ARM v7 Print Size'
arm-none-eabi-size UART.elf  |tee "UART.elf.size"
   text	   data	    bss	    dec	    hex	filename
  44576	   3008	  22904	  70488	  11358	UART.elf
'Finished building: UART.elf.size'
' '
21:57:02 **** Incremental Build of configuration Debug for project UART ****
make pre-build main-build 
a9-linaro-pre-build-step
' '
make: Nothing to be done for 'main-build'.
21:58:22 **** Incremental Build of configuration Debug for project UART ****
make pre-build main-build 
a9-linaro-pre-build-step
' '
'Building file: ../src/helloworld.c'
'Invoking: ARM v7 gcc compiler'
arm-none-eabi-gcc -Wall -O0 -g3 -c -fmessage-length=0 -MT"src/helloworld.o" -mcpu=cortex-a9 -mfpu=vfpv3 -mfloat-abi=hard -I../../UART_bsp/ps7_cortexa9_0/include -MMD -MP -MF"src/helloworld.d" -MT"src/helloworld.o" -o "src/helloworld.o" "../src/helloworld.c"
../src/helloworld.c: In function 'Uart_SendData':
../src/helloworld.c:251:2: warning: implicit declaration of function 'MapToArray' [-Wimplicit-function-declaration]
  MapToArray(TransmitBuffer, map);
  ^~~~~~~~~~
../src/helloworld.c: At top level:
../src/helloworld.c:263:6: warning: conflicting types for 'MapToArray'
 void MapToArray(u8 *byteArray, int Map_data[map_height][map_weight]){
      ^~~~~~~~~~
../src/helloworld.c:251:2: note: previous implicit declaration of 'MapToArray' was here
  MapToArray(TransmitBuffer, map);
  ^~~~~~~~~~
../src/helloworld.c: In function 'MapToArray':
../src/helloworld.c:266:5: warning: unused variable 'asicii_zero' [-Wunused-variable]
  u8 asicii_zero  = '0';             //數值方便偵錯時，用的ASICII轉換
     ^~~~~~~~~~~
At top level:
../src/helloworld.c:88:12: warning: 'Person_Y' defined but not used [-Wunused-variable]
 static int Person_Y;              //Y軸人物座標
            ^~~~~~~~
../src/helloworld.c:87:12: warning: 'Person_X' defined but not used [-Wunused-variable]
 static int Person_X;              //X軸的人物座標
            ^~~~~~~~
'Finished building: ../src/helloworld.c'
' '
'Building target: UART.elf'
'Invoking: ARM v7 gcc linker'
arm-none-eabi-gcc -mcpu=cortex-a9 -mfpu=vfpv3 -mfloat-abi=hard -Wl,-build-id=none -specs=Xilinx.spec -Wl,-T -Wl,../src/lscript.ld -L../../UART_bsp/ps7_cortexa9_0/lib -o "UART.elf"  ./src/helloworld.o ./src/platform.o   -Wl,--start-group,-lxil,-lgcc,-lc,--end-group
'Finished building target: UART.elf'
' '
'Invoking: ARM v7 Print Size'
arm-none-eabi-size UART.elf  |tee "UART.elf.size"
   text	   data	    bss	    dec	    hex	filename
  44576	   3008	  22904	  70488	  11358	UART.elf
'Finished building: UART.elf.size'
' '
22:04:38 **** Incremental Build of configuration Debug for project UART ****
make pre-build main-build 
a9-linaro-pre-build-step
' '
'Building file: ../src/helloworld.c'
'Invoking: ARM v7 gcc compiler'
arm-none-eabi-gcc -Wall -O0 -g3 -c -fmessage-length=0 -MT"src/helloworld.o" -mcpu=cortex-a9 -mfpu=vfpv3 -mfloat-abi=hard -I../../UART_bsp/ps7_cortexa9_0/include -MMD -MP -MF"src/helloworld.d" -MT"src/helloworld.o" -o "src/helloworld.o" "../src/helloworld.c"
../src/helloworld.c: In function 'Uart_SendData':
../src/helloworld.c:251:2: warning: implicit declaration of function 'MapToArray' [-Wimplicit-function-declaration]
  MapToArray(TransmitBuffer, map);
  ^~~~~~~~~~
../src/helloworld.c: At top level:
../src/helloworld.c:263:6: warning: conflicting types for 'MapToArray'
 void MapToArray(u8 *byteArray, int Map_data[map_height][map_weight]){
      ^~~~~~~~~~
../src/helloworld.c:251:2: note: previous implicit declaration of 'MapToArray' was here
  MapToArray(TransmitBuffer, map);
  ^~~~~~~~~~
../src/helloworld.c: In function 'MapToArray':
../src/helloworld.c:266:5: warning: unused variable 'asicii_zero' [-Wunused-variable]
  u8 asicii_zero  = '0';             //數值方便偵錯時，用的ASICII轉換
     ^~~~~~~~~~~
At top level:
../src/helloworld.c:88:12: warning: 'Person_Y' defined but not used [-Wunused-variable]
 static int Person_Y;              //Y軸人物座標
            ^~~~~~~~
../src/helloworld.c:87:12: warning: 'Person_X' defined but not used [-Wunused-variable]
 static int Person_X;              //X軸的人物座標
            ^~~~~~~~
'Finished building: ../src/helloworld.c'
' '
'Building target: UART.elf'
'Invoking: ARM v7 gcc linker'
arm-none-eabi-gcc -mcpu=cortex-a9 -mfpu=vfpv3 -mfloat-abi=hard -Wl,-build-id=none -specs=Xilinx.spec -Wl,-T -Wl,../src/lscript.ld -L../../UART_bsp/ps7_cortexa9_0/lib -o "UART.elf"  ./src/helloworld.o ./src/platform.o   -Wl,--start-group,-lxil,-lgcc,-lc,--end-group
'Finished building target: UART.elf'
' '
'Invoking: ARM v7 Print Size'
arm-none-eabi-size UART.elf  |tee "UART.elf.size"
   text	   data	    bss	    dec	    hex	filename
  44576	   3008	  22904	  70488	  11358	UART.elf
'Finished building: UART.elf.size'
' '
22:10:27 **** Incremental Build of configuration Debug for project UART ****
make pre-build main-build 
a9-linaro-pre-build-step
' '
'Building file: ../src/helloworld.c'
'Invoking: ARM v7 gcc compiler'
arm-none-eabi-gcc -Wall -O0 -g3 -c -fmessage-length=0 -MT"src/helloworld.o" -mcpu=cortex-a9 -mfpu=vfpv3 -mfloat-abi=hard -I../../UART_bsp/ps7_cortexa9_0/include -MMD -MP -MF"src/helloworld.d" -MT"src/helloworld.o" -o "src/helloworld.o" "../src/helloworld.c"
../src/helloworld.c: In function 'Uart_SendData':
../src/helloworld.c:251:2: warning: implicit declaration of function 'MapToArray' [-Wimplicit-function-declaration]
  MapToArray(TransmitBuffer, map);
  ^~~~~~~~~~
../src/helloworld.c: At top level:
../src/helloworld.c:263:6: warning: conflicting types for 'MapToArray'
 void MapToArray(u8 *byteArray, int Map_data[map_height][map_weight]){
      ^~~~~~~~~~
../src/helloworld.c:251:2: note: previous implicit declaration of 'MapToArray' was here
  MapToArray(TransmitBuffer, map);
  ^~~~~~~~~~
../src/helloworld.c: In function 'MapToArray':
../src/helloworld.c:266:5: warning: unused variable 'asicii_zero' [-Wunused-variable]
  u8 asicii_zero  = '0';             //數值方便偵錯時，用的ASICII轉換
     ^~~~~~~~~~~
At top level:
../src/helloworld.c:88:12: warning: 'Person_Y' defined but not used [-Wunused-variable]
 static int Person_Y;              //Y軸人物座標
            ^~~~~~~~
../src/helloworld.c:87:12: warning: 'Person_X' defined but not used [-Wunused-variable]
 static int Person_X;              //X軸的人物座標
            ^~~~~~~~
'Finished building: ../src/helloworld.c'
' '
'Building target: UART.elf'
'Invoking: ARM v7 gcc linker'
arm-none-eabi-gcc -mcpu=cortex-a9 -mfpu=vfpv3 -mfloat-abi=hard -Wl,-build-id=none -specs=Xilinx.spec -Wl,-T -Wl,../src/lscript.ld -L../../UART_bsp/ps7_cortexa9_0/lib -o "UART.elf"  ./src/helloworld.o ./src/platform.o   -Wl,--start-group,-lxil,-lgcc,-lc,--end-group
'Finished building target: UART.elf'
' '
'Invoking: ARM v7 Print Size'
arm-none-eabi-size UART.elf  |tee "UART.elf.size"
   text	   data	    bss	    dec	    hex	filename
  44576	   3008	  22904	  70488	  11358	UART.elf
'Finished building: UART.elf.size'
' '
22:15:09 **** Incremental Build of configuration Debug for project UART ****
make pre-build main-build 
a9-linaro-pre-build-step
' '
'Building file: ../src/helloworld.c'
'Invoking: ARM v7 gcc compiler'
arm-none-eabi-gcc -Wall -O0 -g3 -c -fmessage-length=0 -MT"src/helloworld.o" -mcpu=cortex-a9 -mfpu=vfpv3 -mfloat-abi=hard -I../../UART_bsp/ps7_cortexa9_0/include -MMD -MP -MF"src/helloworld.d" -MT"src/helloworld.o" -o "src/helloworld.o" "../src/helloworld.c"
../src/helloworld.c: In function 'Uart_SendData':
../src/helloworld.c:251:2: warning: implicit declaration of function 'MapToArray' [-Wimplicit-function-declaration]
  MapToArray(TransmitBuffer, map);
  ^~~~~~~~~~
../src/helloworld.c: At top level:
../src/helloworld.c:263:6: warning: conflicting types for 'MapToArray'
 void MapToArray(u8 *byteArray, int Map_data[map_height][map_weight]){
      ^~~~~~~~~~
../src/helloworld.c:251:2: note: previous implicit declaration of 'MapToArray' was here
  MapToArray(TransmitBuffer, map);
  ^~~~~~~~~~
../src/helloworld.c: In function 'MapToArray':
../src/helloworld.c:266:5: warning: unused variable 'asicii_zero' [-Wunused-variable]
  u8 asicii_zero  = '0';             //數值方便偵錯時，用的ASICII轉換
     ^~~~~~~~~~~
At top level:
../src/helloworld.c:88:12: warning: 'Person_Y' defined but not used [-Wunused-variable]
 static int Person_Y;              //Y軸人物座標
            ^~~~~~~~
../src/helloworld.c:87:12: warning: 'Person_X' defined but not used [-Wunused-variable]
 static int Person_X;              //X軸的人物座標
            ^~~~~~~~
'Finished building: ../src/helloworld.c'
' '
'Building target: UART.elf'
'Invoking: ARM v7 gcc linker'
arm-none-eabi-gcc -mcpu=cortex-a9 -mfpu=vfpv3 -mfloat-abi=hard -Wl,-build-id=none -specs=Xilinx.spec -Wl,-T -Wl,../src/lscript.ld -L../../UART_bsp/ps7_cortexa9_0/lib -o "UART.elf"  ./src/helloworld.o ./src/platform.o   -Wl,--start-group,-lxil,-lgcc,-lc,--end-group
'Finished building target: UART.elf'
' '
'Invoking: ARM v7 Print Size'
arm-none-eabi-size UART.elf  |tee "UART.elf.size"
   text	   data	    bss	    dec	    hex	filename
  44576	   3008	  22904	  70488	  11358	UART.elf
'Finished building: UART.elf.size'
' '
22:17:40 **** Incremental Build of configuration Debug for project UART ****
make pre-build main-build 
a9-linaro-pre-build-step
' '
make: Nothing to be done for 'main-build'.
22:22:02 **** Incremental Build of configuration Debug for project UART ****
make pre-build main-build 
a9-linaro-pre-build-step
' '
'Building file: ../src/helloworld.c'
'Invoking: ARM v7 gcc compiler'
arm-none-eabi-gcc -Wall -O0 -g3 -c -fmessage-length=0 -MT"src/helloworld.o" -mcpu=cortex-a9 -mfpu=vfpv3 -mfloat-abi=hard -I../../UART_bsp/ps7_cortexa9_0/include -MMD -MP -MF"src/helloworld.d" -MT"src/helloworld.o" -o "src/helloworld.o" "../src/helloworld.c"
../src/helloworld.c: In function 'Uart_SendData':
../src/helloworld.c:251:2: warning: implicit declaration of function 'MapToArray' [-Wimplicit-function-declaration]
  MapToArray(TransmitBuffer, map);
  ^~~~~~~~~~
../src/helloworld.c: At top level:
../src/helloworld.c:263:6: warning: conflicting types for 'MapToArray'
 void MapToArray(u8 *byteArray, int Map_data[map_height][map_weight]){
      ^~~~~~~~~~
../src/helloworld.c:251:2: note: previous implicit declaration of 'MapToArray' was here
  MapToArray(TransmitBuffer, map);
  ^~~~~~~~~~
../src/helloworld.c: In function 'MapToArray':
../src/helloworld.c:266:5: warning: unused variable 'asicii_zero' [-Wunused-variable]
  u8 asicii_zero  = '0';             //數值方便偵錯時，用的ASICII轉換
     ^~~~~~~~~~~
At top level:
../src/helloworld.c:88:12: warning: 'Person_Y' defined but not used [-Wunused-variable]
 static int Person_Y;              //Y軸人物座標
            ^~~~~~~~
../src/helloworld.c:87:12: warning: 'Person_X' defined but not used [-Wunused-variable]
 static int Person_X;              //X軸的人物座標
            ^~~~~~~~
'Finished building: ../src/helloworld.c'
' '
'Building target: UART.elf'
'Invoking: ARM v7 gcc linker'
arm-none-eabi-gcc -mcpu=cortex-a9 -mfpu=vfpv3 -mfloat-abi=hard -Wl,-build-id=none -specs=Xilinx.spec -Wl,-T -Wl,../src/lscript.ld -L../../UART_bsp/ps7_cortexa9_0/lib -o "UART.elf"  ./src/helloworld.o ./src/platform.o   -Wl,--start-group,-lxil,-lgcc,-lc,--end-group
'Finished building target: UART.elf'
' '
'Invoking: ARM v7 Print Size'
arm-none-eabi-size UART.elf  |tee "UART.elf.size"
   text	   data	    bss	    dec	    hex	filename
  44640	   3008	  22904	  70552	  11398	UART.elf
'Finished building: UART.elf.size'
' '
22:28:23 **** Incremental Build of configuration Debug for project UART ****
make pre-build main-build 
a9-linaro-pre-build-step
' '
'Building file: ../src/helloworld.c'
'Invoking: ARM v7 gcc compiler'
arm-none-eabi-gcc -Wall -O0 -g3 -c -fmessage-length=0 -MT"src/helloworld.o" -mcpu=cortex-a9 -mfpu=vfpv3 -mfloat-abi=hard -I../../UART_bsp/ps7_cortexa9_0/include -MMD -MP -MF"src/helloworld.d" -MT"src/helloworld.o" -o "src/helloworld.o" "../src/helloworld.c"
../src/helloworld.c: In function 'Uart_SendData':
../src/helloworld.c:251:2: warning: implicit declaration of function 'MapToArray' [-Wimplicit-function-declaration]
[...]
make pre-build main-build 
a9-linaro-pre-build-step
' '
make: Nothing to be done for 'main-build'.
19:22:34 **** Incremental Build of configuration Debug for project UART ****
make pre-build main-build 
a9-linaro-pre-build-step
' '
make: Nothing to be done for 'main-build'.
19:23:57 **** Incremental Build of configuration Debug for project UART ****
make pre-build main-build 
a9-linaro-pre-build-step
' '
make: Nothing to be done for 'main-build'.
19:28:50 **** Incremental Build of configuration Debug for project UART ****
make pre-build main-build 
a9-linaro-pre-build-step
' '
make: Nothing to be done for 'main-build'.
19:34:47 **** Incremental Build of configuration Debug for project UART ****
make pre-build main-build 
a9-linaro-pre-build-step
' '
make: Nothing to be done for 'main-build'.
19:38:54 **** Incremental Build of configuration Debug for project UART ****
make pre-build main-build 
a9-linaro-pre-build-step
' '
make: Nothing to be done for 'main-build'.
19:52:56 **** Incremental Build of configuration Debug for project UART ****
make pre-build main-build 
a9-linaro-pre-build-step
' '
make: Nothing to be done for 'main-build'.
19:54:20 **** Incremental Build of configuration Debug for project UART ****
make pre-build main-build 
a9-linaro-pre-build-step
' '
make: Nothing to be done for 'main-build'.
19:54:41 **** Incremental Build of configuration Debug for project UART ****
make pre-build main-build 
a9-linaro-pre-build-step
' '
make: Nothing to be done for 'main-build'.
19:57:38 **** Incremental Build of configuration Debug for project UART ****
make pre-build main-build 
a9-linaro-pre-build-step
' '
make: Nothing to be done for 'main-build'.
20:06:04 **** Incremental Build of configuration Debug for project UART ****
make pre-build main-build 
a9-linaro-pre-build-step
' '
make: Nothing to be done for 'main-build'.
20:07:12 **** Incremental Build of configuration Debug for project UART ****
make pre-build main-build 
a9-linaro-pre-build-step
' '
make: Nothing to be done for 'main-build'.
20:10:35 **** Incremental Build of configuration Debug for project UART ****
make pre-build main-build 
a9-linaro-pre-build-step
' '
make: Nothing to be done for 'main-build'.
20:14:32 **** Incremental Build of configuration Debug for project UART ****
make pre-build main-build 
a9-linaro-pre-build-step
' '
make: Nothing to be done for 'main-build'.
20:21:39 **** Incremental Build of configuration Debug for project UART ****
make pre-build main-build 
a9-linaro-pre-build-step
' '
make: Nothing to be done for 'main-build'.
20:25:24 **** Incremental Build of configuration Debug for project UART ****
make pre-build main-build 
a9-linaro-pre-build-step
' '
make: Nothing to be done for 'main-build'.
20:28:16 **** Incremental Build of configuration Debug for project UART ****
make pre-build main-build 
a9-linaro-pre-build-step
' '
make: Nothing to be done for 'main-build'.
20:28:45 **** Incremental Build of configuration Debug for project UART ****
make pre-build main-build 
a9-linaro-pre-build-step
' '
make: Nothing to be done for 'main-build'.
20:29:17 **** Incremental Build of configuration Debug for project UART ****
make pre-build main-build 
a9-linaro-pre-build-step
' '
make: Nothing to be done for 'main-build'.
20:30:16 **** Incremental Build of configuration Debug for project UART ****
make pre-build main-build 
a9-linaro-pre-build-step
' '
make: Nothing to be done for 'main-build'.
20:49:07 **** Incremental Build of configuration Debug for project UART ****
make pre-build main-build 
a9-linaro-pre-build-step
' '
'Building file: ../src/helloworld.c'
'Invoking: ARM v7 gcc compiler'
arm-none-eabi-gcc -Wall -O0 -g3 -c -fmessage-length=0 -MT"src/helloworld.o" -mcpu=cortex-a9 -mfpu=vfpv3 -mfloat-abi=hard -I../../UART_bsp/ps7_cortexa9_0/include -MMD -MP -MF"src/helloworld.d" -MT"src/helloworld.o" -o "src/helloworld.o" "../src/helloworld.c"
../src/helloworld.c: In function 'Uart_SendData':
../src/helloworld.c:256:2: warning: implicit declaration of function 'MapToArray'; did you mean 'map_arry'? [-Wimplicit-function-declaration]
  MapToArray(TransmitBuffer, map, buttonEvent);
  ^~~~~~~~~~
  map_arry
../src/helloworld.c: At top level:
../src/helloworld.c:268:6: warning: conflicting types for 'MapToArray'
 void MapToArray(u8 *byteArray, int Map_data[map_weight], int Game_State){
      ^~~~~~~~~~
../src/helloworld.c:256:2: note: previous implicit declaration of 'MapToArray' was here
  MapToArray(TransmitBuffer, map, buttonEvent);
  ^~~~~~~~~~
../src/helloworld.c: In function 'MapToArray':
../src/helloworld.c:271:5: warning: unused variable 'asicii_zero' [-Wunused-variable]
  u8 asicii_zero  = '0';             //數值方便偵錯時，用的ASICII轉換
     ^~~~~~~~~~~
../src/helloworld.c: In function 'Intr_Handler':
../src/helloworld.c:408:5: warning: "/*" within comment [-Wcomment]
     /*if(Sokoban_Game_State == 0){
      
../src/helloworld.c:423:9: warning: "/*" within comment [-Wcomment]
         /*
          
../src/helloworld.c:439:9: warning: "/*" within comment [-Wcomment]
         /*
          
../src/helloworld.c:455:9: warning: "/*" within comment [-Wcomment]
         /*
          
../src/helloworld.c:471:5: warning: "/*" within comment [-Wcomment]
     /*if(Sokoban_Game_State == 0){
      
../src/helloworld.c:505:5: error: duplicate case value
     case (4) :
     ^~~~
../src/helloworld.c:502:5: note: previously used here
     case (4) :
     ^~~~
make: *** [src/subdir.mk:26: src/helloworld.o] Error 1
20:49:23 **** Incremental Build of configuration Debug for project UART ****
make pre-build main-build 
a9-linaro-pre-build-step
' '
'Building file: ../src/helloworld.c'
'Invoking: ARM v7 gcc compiler'
arm-none-eabi-gcc -Wall -O0 -g3 -c -fmessage-length=0 -MT"src/helloworld.o" -mcpu=cortex-a9 -mfpu=vfpv3 -mfloat-abi=hard -I../../UART_bsp/ps7_cortexa9_0/include -MMD -MP -MF"src/helloworld.d" -MT"src/helloworld.o" -o "src/helloworld.o" "../src/helloworld.c"
../src/helloworld.c: In function 'Uart_SendData':
../src/helloworld.c:256:2: warning: implicit declaration of function 'MapToArray'; did you mean 'map_arry'? [-Wimplicit-function-declaration]
  MapToArray(TransmitBuffer, map, buttonEvent);
  ^~~~~~~~~~
  map_arry
../src/helloworld.c: At top level:
../src/helloworld.c:268:6: warning: conflicting types for 'MapToArray'
 void MapToArray(u8 *byteArray, int Map_data[map_weight], int Game_State){
      ^~~~~~~~~~
../src/helloworld.c:256:2: note: previous implicit declaration of 'MapToArray' was here
  MapToArray(TransmitBuffer, map, buttonEvent);
  ^~~~~~~~~~
../src/helloworld.c: In function 'MapToArray':
../src/helloworld.c:271:5: warning: unused variable 'asicii_zero' [-Wunused-variable]
  u8 asicii_zero  = '0';             //數值方便偵錯時，用的ASICII轉換
     ^~~~~~~~~~~
../src/helloworld.c: In function 'Intr_Handler':
../src/helloworld.c:408:5: warning: "/*" within comment [-Wcomment]
     /*if(Sokoban_Game_State == 0){
      
../src/helloworld.c:423:9: warning: "/*" within comment [-Wcomment]
         /*
          
../src/helloworld.c:439:9: warning: "/*" within comment [-Wcomment]
         /*
          
../src/helloworld.c:455:9: warning: "/*" within comment [-Wcomment]
         /*
          
../src/helloworld.c:471:5: warning: "/*" within comment [-Wcomment]
     /*if(Sokoban_Game_State == 0){
      
../src/helloworld.c:505:5: error: duplicate case value
     case (4) :
     ^~~~
../src/helloworld.c:502:5: note: previously used here
     case (4) :
     ^~~~
make: *** [src/subdir.mk:26: src/helloworld.o] Error 1
20:49:35 **** Incremental Build of configuration Debug for project UART ****
make pre-build main-build 
a9-linaro-pre-build-step
' '
'Building file: ../src/helloworld.c'
'Invoking: ARM v7 gcc compiler'
arm-none-eabi-gcc -Wall -O0 -g3 -c -fmessage-length=0 -MT"src/helloworld.o" -mcpu=cortex-a9 -mfpu=vfpv3 -mfloat-abi=hard -I../../UART_bsp/ps7_cortexa9_0/include -MMD -MP -MF"src/helloworld.d" -MT"src/helloworld.o" -o "src/helloworld.o" "../src/helloworld.c"
../src/helloworld.c: In function 'Uart_SendData':
../src/helloworld.c:256:2: warning: implicit declaration of function 'MapToArray'; did you mean 'map_arry'? [-Wimplicit-function-declaration]
  MapToArray(TransmitBuffer, map, buttonEvent);
  ^~~~~~~~~~
  map_arry
../src/helloworld.c: At top level:
../src/helloworld.c:268:6: warning: conflicting types for 'MapToArray'
 void MapToArray(u8 *byteArray, int Map_data[map_weight], int Game_State){
      ^~~~~~~~~~
../src/helloworld.c:256:2: note: previous implicit declaration of 'MapToArray' was here
  MapToArray(TransmitBuffer, map, buttonEvent);
  ^~~~~~~~~~
../src/helloworld.c: In function 'MapToArray':
../src/helloworld.c:271:5: warning: unused variable 'asicii_zero' [-Wunused-variable]
  u8 asicii_zero  = '0';             //數值方便偵錯時，用的ASICII轉換
     ^~~~~~~~~~~
../src/helloworld.c: In function 'Intr_Handler':
../src/helloworld.c:408:5: warning: "/*" within comment [-Wcomment]
     /*if(Sokoban_Game_State == 0){
      
../src/helloworld.c:423:9: warning: "/*" within comment [-Wcomment]
         /*
          
../src/helloworld.c:439:9: warning: "/*" within comment [-Wcomment]
         /*
          
../src/helloworld.c:455:9: warning: "/*" within comment [-Wcomment]
         /*
          
../src/helloworld.c:471:5: warning: "/*" within comment [-Wcomment]
     /*if(Sokoban_Game_State == 0){
      
../src/helloworld.c:505:5: error: duplicate case value
     case (4) :
     ^~~~
../src/helloworld.c:502:5: note: previously used here
     case (4) :
     ^~~~
make: *** [src/subdir.mk:26: src/helloworld.o] Error 1
20:49:43 **** Incremental Build of configuration Debug for project UART ****
make pre-build main-build 
a9-linaro-pre-build-step
' '
'Building file: ../src/helloworld.c'
'Invoking: ARM v7 gcc compiler'
arm-none-eabi-gcc -Wall -O0 -g3 -c -fmessage-length=0 -MT"src/helloworld.o" -mcpu=cortex-a9 -mfpu=vfpv3 -mfloat-abi=hard -I../../UART_bsp/ps7_cortexa9_0/include -MMD -MP -MF"src/helloworld.d" -MT"src/helloworld.o" -o "src/helloworld.o" "../src/helloworld.c"
../src/helloworld.c: In function 'Uart_SendData':
../src/helloworld.c:256:2: warning: implicit declaration of function 'MapToArray'; did you mean 'map_arry'? [-Wimplicit-function-declaration]
  MapToArray(TransmitBuffer, map, buttonEvent);
  ^~~~~~~~~~
  map_arry
../src/helloworld.c: At top level:
../src/helloworld.c:268:6: warning: conflicting types for 'MapToArray'
 void MapToArray(u8 *byteArray, int Map_data[map_weight], int Game_State){
      ^~~~~~~~~~
../src/helloworld.c:256:2: note: previous implicit declaration of 'MapToArray' was here
  MapToArray(TransmitBuffer, map, buttonEvent);
  ^~~~~~~~~~
../src/helloworld.c: In function 'MapToArray':
../src/helloworld.c:271:5: warning: unused variable 'asicii_zero' [-Wunused-variable]
  u8 asicii_zero  = '0';             //數值方便偵錯時，用的ASICII轉換
     ^~~~~~~~~~~
../src/helloworld.c: In function 'Intr_Handler':
../src/helloworld.c:408:5: warning: "/*" within comment [-Wcomment]
     /*if(Sokoban_Game_State == 0){
      
../src/helloworld.c:423:9: warning: "/*" within comment [-Wcomment]
         /*
          
../src/helloworld.c:439:9: warning: "/*" within comment [-Wcomment]
         /*
          
../src/helloworld.c:455:9: warning: "/*" within comment [-Wcomment]
         /*
          
../src/helloworld.c:471:5: warning: "/*" within comment [-Wcomment]
     /*if(Sokoban_Game_State == 0){
      
../src/helloworld.c:505:5: error: duplicate case value
     case (4) :
     ^~~~
../src/helloworld.c:502:5: note: previously used here
     case (4) :
     ^~~~
make: *** [src/subdir.mk:26: src/helloworld.o] Error 1
20:49:57 **** Auto Build of configuration Debug for project UART ****
make pre-build main-build 
a9-linaro-pre-build-step
' '
'Building file: ../src/helloworld.c'
'Invoking: ARM v7 gcc compiler'
arm-none-eabi-gcc -Wall -O0 -g3 -c -fmessage-length=0 -MT"src/helloworld.o" -mcpu=cortex-a9 -mfpu=vfpv3 -mfloat-abi=hard -I../../UART_bsp/ps7_cortexa9_0/include -MMD -MP -MF"src/helloworld.d" -MT"src/helloworld.o" -o "src/helloworld.o" "../src/helloworld.c"
../src/helloworld.c: In function 'Uart_SendData':
../src/helloworld.c:256:2: warning: implicit declaration of function 'MapToArray'; did you mean 'map_arry'? [-Wimplicit-function-declaration]
  MapToArray(TransmitBuffer, map, buttonEvent);
  ^~~~~~~~~~
  map_arry
../src/helloworld.c: At top level:
../src/helloworld.c:268:6: warning: conflicting types for 'MapToArray'
 void MapToArray(u8 *byteArray, int Map_data[map_weight], int Game_State){
      ^~~~~~~~~~
../src/helloworld.c:256:2: note: previous implicit declaration of 'MapToArray' was here
  MapToArray(TransmitBuffer, map, buttonEvent);
  ^~~~~~~~~~
../src/helloworld.c: In function 'MapToArray':
../src/helloworld.c:271:5: warning: unused variable 'asicii_zero' [-Wunused-variable]
  u8 asicii_zero  = '0';             //數值方便偵錯時，用的ASICII轉換
     ^~~~~~~~~~~
../src/helloworld.c: In function 'Intr_Handler':
../src/helloworld.c:408:5: warning: "/*" within comment [-Wcomment]
     /*if(Sokoban_Game_State == 0){
      
../src/helloworld.c:423:9: warning: "/*" within comment [-Wcomment]
         /*
          
../src/helloworld.c:439:9: warning: "/*" within comment [-Wcomment]
         /*
          
../src/helloworld.c:455:9: warning: "/*" within comment [-Wcomment]
         /*
          
../src/helloworld.c:471:5: warning: "/*" within comment [-Wcomment]
     /*if(Sokoban_Game_State == 0){
      
'Finished building: ../src/helloworld.c'
' '
'Building target: UART.elf'
'Invoking: ARM v7 gcc linker'
arm-none-eabi-gcc -mcpu=cortex-a9 -mfpu=vfpv3 -mfloat-abi=hard -Wl,-build-id=none -specs=Xilinx.spec -Wl,-T -Wl,../src/lscript.ld -L../../UART_bsp/ps7_cortexa9_0/lib -o "UART.elf"  ./src/helloworld.o ./src/platform.o   -Wl,--start-group,-lxil,-lgcc,-lc,--end-group
'Finished building target: UART.elf'
' '
'Invoking: ARM v7 Print Size'
arm-none-eabi-size UART.elf  |tee "UART.elf.size"
   text	   data	    bss	    dec	    hex	filename
  33420	   1968	  22792	  58180	   e344	UART.elf
'Finished building: UART.elf.size'
' '
20:50:10 **** Incremental Build of configuration Debug for project UART ****
make pre-build main-build 
a9-linaro-pre-build-step
' '
make: Nothing to be done for 'main-build'.
20:56:22 **** Incremental Build of configuration Debug for project UART ****
make pre-build main-build 
a9-linaro-pre-build-step
' '
make: Nothing to be done for 'main-build'.
21:01:27 **** Incremental Build of configuration Debug for project UART ****
make pre-build main-build 
a9-linaro-pre-build-step
' '
make: Nothing to be done for 'main-build'.
21:05:31 **** Incremental Build of configuration Debug for project UART ****
make pre-build main-build 
a9-linaro-pre-build-step
' '
'Building file: ../src/helloworld.c'
'Invoking: ARM v7 gcc compiler'
arm-none-eabi-gcc -Wall -O0 -g3 -c -fmessage-length=0 -MT"src/helloworld.o" -mcpu=cortex-a9 -mfpu=vfpv3 -mfloat-abi=hard -I../../UART_bsp/ps7_cortexa9_0/include -MMD -MP -MF"src/helloworld.d" -MT"src/helloworld.o" -o "src/helloworld.o" "../src/helloworld.c"
../src/helloworld.c: In function 'Uart_SendData':
../src/helloworld.c:256:2: warning: implicit declaration of function 'MapToArray'; did you mean 'map_arry'? [-Wimplicit-function-declaration]
  MapToArray(TransmitBuffer, map, buttonEvent);
  ^~~~~~~~~~
  map_arry
../src/helloworld.c: At top level:
../src/helloworld.c:268:6: warning: conflicting types for 'MapToArray'
 void MapToArray(u8 *byteArray, int Map_data[map_weight], int Game_State){
      ^~~~~~~~~~
../src/helloworld.c:256:2: note: previous implicit declaration of 'MapToArray' was here
  MapToArray(TransmitBuffer, map, buttonEvent);
  ^~~~~~~~~~
../src/helloworld.c: In function 'MapToArray':
../src/helloworld.c:271:5: warning: unused variable 'asicii_zero' [-Wunused-variable]
  u8 asicii_zero  = '0';             //數值方便偵錯時，用的ASICII轉換
     ^~~~~~~~~~~
../src/helloworld.c: In function 'Intr_Handler':
../src/helloworld.c:408:5: warning: "/*" within comment [-Wcomment]
     /*if(Sokoban_Game_State == 0){
      
../src/helloworld.c:423:9: warning: "/*" within comment [-Wcomment]
         /*
          
../src/helloworld.c:439:9: warning: "/*" within comment [-Wcomment]
         /*
          
../src/helloworld.c:455:9: warning: "/*" within comment [-Wcomment]
         /*
          
../src/helloworld.c:471:5: warning: "/*" within comment [-Wcomment]
     /*if(Sokoban_Game_State == 0){
      
'Finished building: ../src/helloworld.c'
' '
'Building target: UART.elf'
'Invoking: ARM v7 gcc linker'
arm-none-eabi-gcc -mcpu=cortex-a9 -mfpu=vfpv3 -mfloat-abi=hard -Wl,-build-id=none -specs=Xilinx.spec -Wl,-T -Wl,../src/lscript.ld -L../../UART_bsp/ps7_cortexa9_0/lib -o "UART.elf"  ./src/helloworld.o ./src/platform.o   -Wl,--start-group,-lxil,-lgcc,-lc,--end-group
'Finished building target: UART.elf'
' '
'Invoking: ARM v7 Print Size'
arm-none-eabi-size UART.elf  |tee "UART.elf.size"
   text	   data	    bss	    dec	    hex	filename
  33420	   1968	  22792	  58180	   e344	UART.elf
'Finished building: UART.elf.size'
' '
21:15:41 **** Incremental Build of configuration Debug for project UART ****
make pre-build main-build 
a9-linaro-pre-build-step
' '
make: Nothing to be done for 'main-build'.
21:16:30 **** Incremental Build of configuration Debug for project UART ****
make pre-build main-build 
a9-linaro-pre-build-step
' '
make: Nothing to be done for 'main-build'.
21:19:40 **** Incremental Build of configuration Debug for project UART ****
make pre-build main-build 
a9-linaro-pre-build-step
' '
make: Nothing to be done for 'main-build'.
23:49:13 **** Auto Build of configuration Debug for project UART ****
make pre-build main-build 
a9-linaro-pre-build-step
' '
'Building file: ../src/helloworld.c'
'Invoking: ARM v7 gcc compiler'
arm-none-eabi-gcc -Wall -O0 -g3 -c -fmessage-length=0 -MT"src/helloworld.o" -mcpu=cortex-a9 -mfpu=vfpv3 -mfloat-abi=hard -I../../UART_bsp/ps7_cortexa9_0/include -MMD -MP -MF"src/helloworld.d" -MT"src/helloworld.o" -o "src/helloworld.o" "../src/helloworld.c"
../src/helloworld.c: In function 'Uart_SendData':
../src/helloworld.c:256:2: warning: implicit declaration of function 'MapToArray'; did you mean 'map_arry'? [-Wimplicit-function-declaration]
  MapToArray(TransmitBuffer, map, buttonEvent);
  ^~~~~~~~~~
  map_arry
../src/helloworld.c: At top level:
../src/helloworld.c:268:6: warning: conflicting types for 'MapToArray'
 void MapToArray(u8 *byteArray, int Map_data[map_weight], int Game_State){
      ^~~~~~~~~~
../src/helloworld.c:256:2: note: previous implicit declaration of 'MapToArray' was here
  MapToArray(TransmitBuffer, map, buttonEvent);
  ^~~~~~~~~~
../src/helloworld.c: In function 'MapToArray':
../src/helloworld.c:271:5: warning: unused variable 'asicii_zero' [-Wunused-variable]
  u8 asicii_zero  = '0';             //數值方便偵錯時，用的ASICII轉換
     ^~~~~~~~~~~
../src/helloworld.c: In function 'Intr_Handler':
../src/helloworld.c:408:5: warning: "/*" within comment [-Wcomment]
     /*if(Sokoban_Game_State == 0){
      
../src/helloworld.c:423:9: warning: "/*" within comment [-Wcomment]
         /*
          
../src/helloworld.c:439:9: warning: "/*" within comment [-Wcomment]
         /*
          
../src/helloworld.c:455:9: warning: "/*" within comment [-Wcomment]
         /*
          
../src/helloworld.c:471:5: warning: "/*" within comment [-Wcomment]
     /*if(Sokoban_Game_State == 0){
      
'Finished building: ../src/helloworld.c'
' '
'Building target: UART.elf'
'Invoking: ARM v7 gcc linker'
arm-none-eabi-gcc -mcpu=cortex-a9 -mfpu=vfpv3 -mfloat-abi=hard -Wl,-build-id=none -specs=Xilinx.spec -Wl,-T -Wl,../src/lscript.ld -L../../UART_bsp/ps7_cortexa9_0/lib -o "UART.elf"  ./src/helloworld.o ./src/platform.o   -Wl,--start-group,-lxil,-lgcc,-lc,--end-group
'Finished building target: UART.elf'
' '
'Invoking: ARM v7 Print Size'
arm-none-eabi-size UART.elf  |tee "UART.elf.size"
   text	   data	    bss	    dec	    hex	filename
  33208	   1968	  22792	  57968	   e270	UART.elf
'Finished building: UART.elf.size'
' '
